Component: ARM Compiler 5.06 update 6 (build 750) Tool: armlink [4d35ed]

==============================================================================

Section Cross References

    startup_stm32f103xb.o(STACK) refers (Special) to heapauxi.o(.text) for __use_two_region_memory
    startup_stm32f103xb.o(HEAP) refers (Special) to heapauxi.o(.text) for __use_two_region_memory
    startup_stm32f103xb.o(RESET) refers (Special) to heapauxi.o(.text) for __use_two_region_memory
    startup_stm32f103xb.o(RESET) refers to startup_stm32f103xb.o(STACK) for __initial_sp
    startup_stm32f103xb.o(RESET) refers to startup_stm32f103xb.o(.text) for Reset_Handler
    startup_stm32f103xb.o(RESET) refers to stm32f1xx_it.o(i.NMI_Handler) for NMI_Handler
    startup_stm32f103xb.o(RESET) refers to stm32f1xx_it.o(i.HardFault_Handler) for HardFault_Handler
    startup_stm32f103xb.o(RESET) refers to stm32f1xx_it.o(i.MemManage_Handler) for MemManage_Handler
    startup_stm32f103xb.o(RESET) refers to stm32f1xx_it.o(i.BusFault_Handler) for BusFault_Handler
    startup_stm32f103xb.o(RESET) refers to stm32f1xx_it.o(i.UsageFault_Handler) for UsageFault_Handler
    startup_stm32f103xb.o(RESET) refers to port.o(.emb_text) for SVC_Handler
    startup_stm32f103xb.o(RESET) refers to stm32f1xx_it.o(i.DebugMon_Handler) for DebugMon_Handler
    startup_stm32f103xb.o(RESET) refers to port.o(i.SysTick_Handler) for SysTick_Handler
    startup_stm32f103xb.o(RESET) refers to stm32f1xx_it.o(i.DMA1_Channel6_IRQHandler) for DMA1_Channel6_IRQHandler
    startup_stm32f103xb.o(RESET) refers to stm32f1xx_it.o(i.TIM1_UP_IRQHandler) for TIM1_UP_IRQHandler
    startup_stm32f103xb.o(.text) refers (Special) to heapauxi.o(.text) for __use_two_region_memory
    startup_stm32f103xb.o(.text) refers to system_stm32f1xx.o(i.SystemInit) for SystemInit
    startup_stm32f103xb.o(.text) refers to __main.o(!!!main) for __main
    startup_stm32f103xb.o(.text) refers to startup_stm32f103xb.o(HEAP) for Heap_Mem
    startup_stm32f103xb.o(.text) refers to startup_stm32f103xb.o(STACK) for Stack_Mem
    delay.o(i.delay_init) refers to stm32f1xx_hal_tim.o(i.HAL_TIM_Base_Start) for HAL_TIM_Base_Start
    ds18b20.o(i.Set_Pin_Input) refers to stm32f1xx_hal_gpio.o(i.HAL_GPIO_Init) for HAL_GPIO_Init
    ds18b20.o(i.Set_Pin_Output) refers to stm32f1xx_hal_gpio.o(i.HAL_GPIO_Init) for HAL_GPIO_Init
    ds18b20.o(i.ds18b20_delay_us) refers to delay.o(i.delay_us) for delay_us
    ds18b20.o(i.ds18b20_init) refers to delay.o(i.delay_init) for delay_init
    ds18b20.o(i.ds18b20_read_byte) refers to ds18b20.o(i.Set_Pin_Output) for Set_Pin_Output
    ds18b20.o(i.ds18b20_read_byte) refers to stm32f1xx_hal_gpio.o(i.HAL_GPIO_WritePin) for HAL_GPIO_WritePin
    ds18b20.o(i.ds18b20_read_byte) refers to ds18b20.o(i.ds18b20_delay_us) for ds18b20_delay_us
    ds18b20.o(i.ds18b20_read_byte) refers to ds18b20.o(i.Set_Pin_Input) for Set_Pin_Input
    ds18b20.o(i.ds18b20_read_byte) refers to stm32f1xx_hal_gpio.o(i.HAL_GPIO_ReadPin) for HAL_GPIO_ReadPin
    ds18b20.o(i.ds18b20_reset) refers to ds18b20.o(i.Set_Pin_Output) for Set_Pin_Output
    ds18b20.o(i.ds18b20_reset) refers to stm32f1xx_hal_gpio.o(i.HAL_GPIO_WritePin) for HAL_GPIO_WritePin
    ds18b20.o(i.ds18b20_reset) refers to ds18b20.o(i.ds18b20_delay_us) for ds18b20_delay_us
    ds18b20.o(i.ds18b20_reset) refers to ds18b20.o(i.Set_Pin_Input) for Set_Pin_Input
    ds18b20.o(i.ds18b20_reset) refers to stm32f1xx_hal_gpio.o(i.HAL_GPIO_ReadPin) for HAL_GPIO_ReadPin
    ds18b20.o(i.ds18b20_write_bit) refers to ds18b20.o(i.Set_Pin_Output) for Set_Pin_Output
    ds18b20.o(i.ds18b20_write_bit) refers to stm32f1xx_hal_gpio.o(i.HAL_GPIO_WritePin) for HAL_GPIO_WritePin
    ds18b20.o(i.ds18b20_write_bit) refers to ds18b20.o(i.ds18b20_delay_us) for ds18b20_delay_us
    ds18b20.o(i.ds18b20_write_byte) refers to ds18b20.o(i.ds18b20_write_bit) for ds18b20_write_bit
    ds18b20.o(i.temperature) refers to ds18b20.o(i.ds18b20_reset) for ds18b20_reset
    ds18b20.o(i.temperature) refers to ds18b20.o(i.ds18b20_write_byte) for ds18b20_write_byte
    ds18b20.o(i.temperature) refers to delay.o(i.delay_ms) for delay_ms
    ds18b20.o(i.temperature) refers to ds18b20.o(i.ds18b20_read_byte) for ds18b20_read_byte
    ds18b20.o(i.temperature) refers to fflt_clz.o(x$fpl$ffltu) for __aeabi_ui2f
    ds18b20.o(i.temperature) refers to scalbnf.o(x$fpl$scalbnf) for __ARM_scalbnf
    5110.o(i.LCD5110_CS) refers to stm32f1xx_hal_gpio.o(i.HAL_GPIO_WritePin) for HAL_GPIO_WritePin
    5110.o(i.LCD5110_DC) refers to stm32f1xx_hal_gpio.o(i.HAL_GPIO_WritePin) for HAL_GPIO_WritePin
    5110.o(i.LCD5110_DIN) refers to stm32f1xx_hal_gpio.o(i.HAL_GPIO_WritePin) for HAL_GPIO_WritePin
    5110.o(i.LCD5110_LCD_write_byte) refers to 5110.o(i.LCD5110_CS) for LCD5110_CS
    5110.o(i.LCD5110_LCD_write_byte) refers to 5110.o(i.LCD5110_DC) for LCD5110_DC
    5110.o(i.LCD5110_LCD_write_byte) refers to 5110.o(i.LCD5110_DIN) for LCD5110_DIN
[...]
    _fsub1                                   0x08005713   Thumb Code     0  faddsub_clz.o(x$fpl$fsub)
    x$fpl$printf1                            0x080057ee   Section        4  printf1.o(x$fpl$printf1)
    x$fpl$retnan                             0x080057f2   Section      100  retnan.o(x$fpl$retnan)
    x$fpl$scalbnf                            0x08005856   Section       76  scalbnf.o(x$fpl$scalbnf)
    x$fpl$trapveneer                         0x080058a2   Section       48  trapv.o(x$fpl$trapveneer)
    x$fpl$usenofp                            0x080058d2   Section        0  usenofp.o(x$fpl$usenofp)
    .constdata                               0x080058d4   Section      112  main.o(.constdata)
    .constdata                               0x08005944   Section       16  system_stm32f1xx.o(.constdata)
    .constdata                               0x08005954   Section        8  system_stm32f1xx.o(.constdata)
    .constdata                               0x0800595c   Section       17  __printf_flags_wp.o(.constdata)
    maptable                                 0x0800595c   Data          17  __printf_flags_wp.o(.constdata)
    .constdata                               0x08005970   Section      148  bigflt0.o(.constdata)
    tenpwrs_x                                0x08005970   Data          60  bigflt0.o(.constdata)
    tenpwrs_i                                0x080059ac   Data          64  bigflt0.o(.constdata)
    .conststring                             0x08005a04   Section       41  main.o(.conststring)
    locale$$data                             0x08005a50   Section       28  lc_numeric_c.o(locale$$data)
    __lcnum_c_name                           0x08005a54   Data           2  lc_numeric_c.o(locale$$data)
    __lcnum_c_start                          0x08005a5c   Data           0  lc_numeric_c.o(locale$$data)
    __lcnum_c_point                          0x08005a68   Data           0  lc_numeric_c.o(locale$$data)
    __lcnum_c_thousands                      0x08005a6a   Data           0  lc_numeric_c.o(locale$$data)
    __lcnum_c_grouping                       0x08005a6b   Data           0  lc_numeric_c.o(locale$$data)
    locale$$data                             0x08005a6c   Section      272  lc_ctype_c.o(locale$$data)
    __lcnum_c_end                            0x08005a6c   Data           0  lc_numeric_c.o(locale$$data)
    __lcctype_c_name                         0x08005a70   Data           2  lc_ctype_c.o(locale$$data)
    __lcctype_c_start                        0x08005a78   Data           0  lc_ctype_c.o(locale$$data)
    __lcctype_c_end                          0x08005b7c   Data           0  lc_ctype_c.o(locale$$data)
    .data                                    0x20000000   Section      816  5110.o(.data)
    .data                                    0x20000330   Section       55  main.o(.data)
    .data                                    0x20000368   Section       12  stm32f1xx_hal.o(.data)
    .data                                    0x20000374   Section        4  system_stm32f1xx.o(.data)
    .data                                    0x20000378   Section       60  tasks.o(.data)
    pxDelayedTaskList                        0x2000037c   Data           4  tasks.o(.data)
    pxOverflowDelayedTaskList                0x20000380   Data           4  tasks.o(.data)
    uxDeletedTasksWaitingCleanUp             0x20000384   Data           4  tasks.o(.data)
    uxCurrentNumberOfTasks                   0x20000388   Data           4  tasks.o(.data)
    xTickCount                               0x2000038c   Data           4  tasks.o(.data)
    uxTopReadyPriority                       0x20000390   Data           4  tasks.o(.data)
    xSchedulerRunning                        0x20000394   Data           4  tasks.o(.data)
    uxPendedTicks                            0x20000398   Data           4  tasks.o(.data)
    xYieldPending                            0x2000039c   Data           4  tasks.o(.data)
    xNumOfOverflows                          0x200003a0   Data           4  tasks.o(.data)
    uxTaskNumber                             0x200003a4   Data           4  tasks.o(.data)
    xNextTaskUnblockTime                     0x200003a8   Data           4  tasks.o(.data)
    xIdleTaskHandle                          0x200003ac   Data           4  tasks.o(.data)
    uxSchedulerSuspended                     0x200003b0   Data           4  tasks.o(.data)
    .data                                    0x200003b4   Section       24  heap_4.o(.data)
    pxEnd                                    0x200003b4   Data           4  heap_4.o(.data)
    xFreeBytesRemaining                      0x200003b8   Data           4  heap_4.o(.data)
    xMinimumEverFreeBytesRemaining           0x200003bc   Data           4  heap_4.o(.data)
    xBlockAllocatedBit                       0x200003c0   Data           4  heap_4.o(.data)
    xStart                                   0x200003c4   Data           8  heap_4.o(.data)
    .data                                    0x200003cc   Section       12  port.o(.data)
    ucMaxSysCallPriority                     0x200003cc   Data           1  port.o(.data)
    uxCriticalNesting                        0x200003d0   Data           4  port.o(.data)
    ulMaxPRIGROUPValue                       0x200003d4   Data           4  port.o(.data)
    .bss                                     0x200003d8   Section      240  main.o(.bss)
    .bss                                     0x200004c8   Section       68  main.o(.bss)
    .bss                                     0x2000050c   Section      596  freertos.o(.bss)
    xIdleTaskTCBBuffer                       0x2000050c   Data          84  freertos.o(.bss)
    xIdleStack                               0x20000560   Data         512  freertos.o(.bss)
    .bss                                     0x20000760   Section       72  stm32f1xx_hal_timebase_tim.o(.bss)
    .bss                                     0x200007a8   Section      240  tasks.o(.bss)
    pxReadyTasksLists                        0x200007a8   Data         140  tasks.o(.bss)
    xDelayedTaskList1                        0x20000834   Data          20  tasks.o(.bss)
    xDelayedTaskList2                        0x20000848   Data          20  tasks.o(.bss)
    xPendingReadyList                        0x2000085c   Data          20  tasks.o(.bss)
    xTasksWaitingTermination                 0x20000870   Data          20  tasks.o(.bss)
    xSuspendedTaskList                       0x20000884   Data          20  tasks.o(.bss)
    .bss                                     0x20000898   Section     3072  heap_4.o(.bss)
    ucHeap                                   0x20000898   Data        3072  heap_4.o(.bss)
    .bss                                     0x20001498   Section       96  libspace.o(.bss)
    HEAP                                     0x200014f8   Section      512  startup_stm32f103xb.o(HEAP)
    Heap_Mem                                 0x200014f8   Data         512  startup_stm32f103xb.o(HEAP)
    STACK                                    0x200016f8   Section     1024  startup_stm32f103xb.o(STACK)
    Stack_Mem                                0x200016f8   Data        1024  startup_stm32f103xb.o(STACK)
    __initial_sp                             0x20001af8   Data           0  startup_stm32f103xb.o(STACK)

    Global Symbols

    Symbol Name                              Value     Ov Type        Size  Object(Section)

    BuildAttributes$$THM_ISAv4$P$D$K$B$S$PE$A:L22UL41UL21$X:L11$S22US41US21$IEEE1$IW$USESV6$~STKCKD$USESV7$~SHL$OTIME$ROPI$IEEEJ$EBA8$UX$STANDARDLIB$REQ8$PRES8$EABIv2 0x00000000   Number         0  anon$$obj.o ABSOLUTE
    __ARM_use_no_argv                        0x00000000   Number         0  main.o ABSOLUTE
    _printf_flags                            0x00000000   Number         0  printf_stubs.o ABSOLUTE
    _printf_return_value                     0x00000000   Number         0  printf_stubs.o ABSOLUTE
    _printf_sizespec                         0x00000000   Number         0  printf_stubs.o ABSOLUTE
    _printf_widthprec                        0x00000000   Number         0  printf_stubs.o ABSOLUTE
    __ARM_exceptions_init                     - Undefined Weak Reference
    __alloca_initialize                       - Undefined Weak Reference
    __arm_preinit_                            - Undefined Weak Reference
    __cpp_initialize__aeabi_                  - Undefined Weak Reference
    __cxa_finalize                            - Undefined Weak Reference
    __sigvec_lookup                           - Undefined Weak Reference
    _atexit_init                              - Undefined Weak Reference
    _call_atexit_fns                          - Undefined Weak Reference
    _clock_init                               - Undefined Weak Reference
    _fp_trap_init                             - Undefined Weak Reference
    _fp_trap_shutdown                         - Undefined Weak Reference
    _get_lc_collate                           - Undefined Weak Reference
    _get_lc_monetary                          - Undefined Weak Reference
    _get_lc_time                              - Undefined Weak Reference
    _getenv_init                              - Undefined Weak Reference
    _handle_redirection                       - Undefined Weak Reference
    _init_alloc                               - Undefined Weak Reference
    _init_user_alloc                          - Undefined Weak Reference
    _initio                                   - Undefined Weak Reference
    _printf_post_padding                      - Undefined Weak Reference
    _printf_pre_padding                       - Undefined Weak Reference
    _printf_truncate_signed                   - Undefined Weak Reference
    _printf_truncate_unsigned                 - Undefined Weak Reference
    _rand_init                                - Undefined Weak Reference
    _signal_finish                            - Undefined Weak Reference
    _signal_init                              - Undefined Weak Reference
    _terminate_alloc                          - Undefined Weak Reference
    _terminate_user_alloc                     - Undefined Weak Reference
    _terminateio                              - Undefined Weak Reference
    __Vectors_Size                           0x000000ec   Number         0  startup_stm32f103xb.o ABSOLUTE
    __Vectors                                0x08000000   Data           4  startup_stm32f103xb.o(RESET)
    __Vectors_End                            0x080000ec   Data           0  startup_stm32f103xb.o(RESET)
    __main                                   0x080000ed   Thumb Code     8  __main.o(!!!main)
    __scatterload                            0x080000f5   Thumb Code     0  __scatter.o(!!!scatter)
    __scatterload_rt2                        0x080000f5   Thumb Code    44  __scatter.o(!!!scatter)
    __scatterload_rt2_thumb_only             0x080000f5   Thumb Code     0  __scatter.o(!!!scatter)
    __scatterload_null                       0x08000103   Thumb Code     0  __scatter.o(!!!scatter)
    __decompress                             0x08000129   Thumb Code    90  __dczerorl2.o(!!dczerorl2)
    __decompress1                            0x08000129   Thumb Code     0  __dczerorl2.o(!!dczerorl2)
    __scatterload_zeroinit                   0x08000185   Thumb Code    28  __scatter_zi.o(!!handler_zi)
    _printf_f                                0x080001a1   Thumb Code     0  _printf_f.o(.ARM.Collect$$_printf_percent$$00000003)
    _printf_percent                          0x080001a1   Thumb Code     0  _printf_percent.o(.ARM.Collect$$_printf_percent$$00000000)
    _printf_d                                0x080001a7   Thumb Code     0  _printf_d.o(.ARM.Collect$$_printf_percent$$00000009)
    _printf_percent_end                      0x080001ad   Thumb Code     0  _printf_percent_end.o(.ARM.Collect$$_printf_percent$$00000017)
    __rt_lib_init                            0x080001b1   Thumb Code     0  libinit.o(.ARM.Collect$$libinit$$00000000)
    __rt_lib_init_fp_1                       0x080001b3   Thumb Code     0  libinit2.o(.ARM.Collect$$libinit$$00000002)
    __rt_lib_init_heap_1                     0x080001b3   Thumb Code     0  libinit2.o(.ARM.Collect$$libinit$$0000000A)
    __rt_lib_init_lc_common                  0x080001b3   Thumb Code     0  libinit2.o(.ARM.Collect$$libinit$$0000000F)
    __rt_lib_init_preinit_1                  0x080001b3   Thumb Code     0  libinit2.o(.ARM.Collect$$libinit$$00000004)
    __rt_lib_init_rand_1                     0x080001b3   Thumb Code     0  libinit2.o(.ARM.Collect$$libinit$$0000000E)
    __rt_lib_init_user_alloc_1               0x080001b3   Thumb Code     0  libinit2.o(.ARM.Collect$$libinit$$0000000C)
    __rt_lib_init_lc_collate_1               0x080001b9   Thumb Code     0  libinit2.o(.ARM.Collect$$libinit$$00000011)
    __rt_lib_init_lc_ctype_2                 0x080001b9   Thumb Code     0  libinit2.o(.ARM.Collect$$libinit$$00000012)
    __rt_lib_init_lc_ctype_1                 0x080001c5   Thumb Code     0  libinit2.o(.ARM.Collect$$libinit$$00000013)
    __rt_lib_init_lc_monetary_1              0x080001c5   Thumb Code     0  libinit2.o(.ARM.Collect$$libinit$$00000015)
    __rt_lib_init_lc_numeric_2               0x080001c5   Thumb Code     0  libinit2.o(.ARM.Collect$$libinit$$00000016)
    __rt_lib_init_alloca_1                   0x080001cf   Thumb Code     0  libinit2.o(.ARM.Collect$$libinit$$0000002E)
    __rt_lib_init_argv_1                     0x080001cf   Thumb Code     0  libinit2.o(.ARM.Collect$$libinit$$0000002C)
    __rt_lib_init_atexit_1                   0x080001cf   Thumb Code     0  libinit2.o(.ARM.Collect$$libinit$$0000001B)
    __rt_lib_init_clock_1                    0x080001cf   Thumb Code     0  libinit2.o(.ARM.Collect$$libinit$$00000021)
    __rt_lib_init_cpp_1                      0x080001cf   Thumb Code     0  libinit2.o(.ARM.Collect$$libinit$$00000032)
    __rt_lib_init_exceptions_1               0x080001cf   Thumb Code     0  libinit2.o(.ARM.Collect$$libinit$$00000030)
    __rt_lib_init_fp_trap_1                  0x080001cf   Thumb Code     0  libinit2.o(.ARM.Collect$$libinit$$0000001F)
    __rt_lib_init_getenv_1                   0x080001cf   Thumb Code     0  libinit2.o(.ARM.Collect$$libinit$$00000023)
    __rt_lib_init_lc_numeric_1               0x080001cf   Thumb Code     0  libinit2.o(.ARM.Collect$$libinit$$00000017)
    __rt_lib_init_lc_time_1                  0x080001cf   Thumb Code     0  libinit2.o(.ARM.Collect$$libinit$$00000019)
    __rt_lib_init_return                     0x080001cf   Thumb Code     0  libinit2.o(.ARM.Collect$$libinit$$00000033)
    __rt_lib_init_signal_1                   0x080001cf   Thumb Code     0  libinit2.o(.ARM.Collect$$libinit$$0000001D)
    __rt_lib_init_stdio_1                    0x080001cf   Thumb Code     0  libinit2.o(.ARM.Collect$$libinit$$00000025)
    __rt_lib_shutdown                        0x080001d1   Thumb Code     0  libshutdown.o(.ARM.Collect$$libshutdown$$00000000)
    __rt_lib_shutdown_cpp_1                  0x080001d3   Thumb Code     0  libshutdown2.o(.ARM.Collect$$libshutdown$$00000002)
    __rt_lib_shutdown_fp_trap_1              0x080001d3   Thumb Code     0  libshutdown2.o(.ARM.Collect$$libshutdown$$00000007)
    __rt_lib_shutdown_heap_1                 0x080001d3   Thumb Code     0  libshutdown2.o(.ARM.Collect$$libshutdown$$0000000F)
    __rt_lib_shutdown_return                 0x080001d3   Thumb Code     0  libshutdown2.o(.ARM.Collect$$libshutdown$$00000010)
    __rt_lib_shutdown_signal_1               0x080001d3   Thumb Code     0  libshutdown2.o(.ARM.Collect$$libshutdown$$0000000A)
    __rt_lib_shutdown_stdio_1                0x080001d3   Thumb Code     0  libshutdown2.o(.ARM.Collect$$libshutdown$$00000004)
    __rt_lib_shutdown_user_alloc_1           0x080001d3   Thumb Code     0  libshutdown2.o(.ARM.Collect$$libshutdown$$0000000C)
    __rt_entry                               0x080001d5   Thumb Code     0  __rtentry.o(.ARM.Collect$$rtentry$$00000000)
    __rt_entry_presh_1                       0x080001d5   Thumb Code     0  __rtentry2.o(.ARM.Collect$$rtentry$$00000002)
    __rt_entry_sh                            0x080001d5   Thumb Code     0  __rtentry4.o(.ARM.Collect$$rtentry$$00000004)
    __rt_entry_li                            0x080001db   Thumb Code     0  __rtentry2.o(.ARM.Collect$$rtentry$$0000000A)
    __rt_entry_postsh_1                      0x080001db   Thumb Code     0  __rtentry2.o(.ARM.Collect$$rtentry$$00000009)
    __rt_entry_main                          0x080001df   Thumb Code     0  __rtentry2.o(.ARM.Collect$$rtentry$$0000000D)
    __rt_entry_postli_1                      0x080001df   Thumb Code     0  __rtentry2.o(.ARM.Collect$$rtentry$$0000000C)
    __rt_exit                                0x080001e7   Thumb Code     0  rtexit.o(.ARM.Collect$$rtexit$$00000000)
    __rt_exit_ls                             0x080001e9   Thumb Code     0  rtexit2.o(.ARM.Collect$$rtexit$$00000003)
    __rt_exit_prels_1                        0x080001e9   Thumb Code     0  rtexit2.o(.ARM.Collect$$rtexit$$00000002)
    __rt_exit_exit                           0x080001ed   Thumb Code     0  rtexit2.o(.ARM.Collect$$rtexit$$00000004)
    SVC_Handler                              0x080001f5   Thumb Code    32  port.o(.emb_text)
    __asm___6_port_c_39a90d8d__prvStartFirstTask 0x08000219   Thumb Code    28  port.o(.emb_text)
    PendSV_Handler                           0x08000239   Thumb Code    72  port.o(.emb_text)
    vPortGetIPSR                             0x08000285   Thumb Code     6  port.o(.emb_text)
    Reset_Handler                            0x0800028d   Thumb Code     8  startup_stm32f103xb.o(.text)
    ADC1_2_IRQHandler                        0x080002a7   Thumb Code     0  startup_stm32f103xb.o(.text)
    CAN1_RX1_IRQHandler                      0x080002a7   Thumb Code     0  startup_stm32f103xb.o(.text)
    CAN1_SCE_IRQHandler                      0x080002a7   Thumb Code     0  startup_stm32f103xb.o(.text)
    DMA1_Channel1_IRQHandler                 0x080002a7   Thumb Code     0  startup_stm32f103xb.o(.text)
    DMA1_Channel2_IRQHandler                 0x080002a7   Thumb Code     0  startup_stm32f103xb.o(.text)
    DMA1_Channel3_IRQHandler                 0x080002a7   Thumb Code     0  startup_stm32f103xb.o(.text)
    DMA1_Channel4_IRQHandler                 0x080002a7   Thumb Code     0  startup_stm32f103xb.o(.text)
    DMA1_Channel5_IRQHandler                 0x080002a7   Thumb Code     0  startup_stm32f103xb.o(.text)
    DMA1_Channel7_IRQHandler                 0x080002a7   Thumb Code     0  startup_stm32f103xb.o(.text)
    EXTI0_IRQHandler                         0x080002a7   Thumb Code     0  startup_stm32f103xb.o(.text)
    EXTI15_10_IRQHandler                     0x080002a7   Thumb Code     0  startup_stm32f103xb.o(.text)
    EXTI1_IRQHandler                         0x080002a7   Thumb Code     0  startup_stm32f103xb.o(.text)
    EXTI2_IRQHandler                         0x080002a7   Thumb Code     0  startup_stm32f103xb.o(.text)
    EXTI3_IRQHandler                         0x080002a7   Thumb Code     0  startup_stm32f103xb.o(.text)
    EXTI4_IRQHandler                         0x080002a7   Thumb Code     0  startup_stm32f103xb.o(.text)
    EXTI9_5_IRQHandler                       0x080002a7   Thumb Code     0  startup_stm32f103xb.o(.text)
    FLASH_IRQHandler                         0x080002a7   Thumb Code     0  startup_stm32f103xb.o(.text)
    I2C1_ER_IRQHandler                       0x080002a7   Thumb Code     0  startup_stm32f103xb.o(.text)
    I2C1_EV_IRQHandler                       0x080002a7   Thumb Code     0  startup_stm32f103xb.o(.text)
    I2C2_ER_IRQHandler                       0x080002a7   Thumb Code     0  startup_stm32f103xb.o(.text)
    I2C2_EV_IRQHandler                       0x080002a7   Thumb Code     0  startup_stm32f103xb.o(.text)
    PVD_IRQHandler                           0x080002a7   Thumb Code     0  startup_stm32f103xb.o(.text)
    RCC_IRQHandler                           0x080002a7   Thumb Code     0  startup_stm32f103xb.o(.text)
    RTC_Alarm_IRQHandler                     0x080002a7   Thumb Code     0  startup_stm32f103xb.o(.text)
    RTC_IRQHandler                           0x080002a7   Thumb Code     0  startup_stm32f103xb.o(.text)
    SPI1_IRQHandler                          0x080002a7   Thumb Code     0  startup_stm32f103xb.o(.text)
    SPI2_IRQHandler                          0x080002a7   Thumb Code     0  startup_stm32f103xb.o(.text)
    TAMPER_IRQHandler                        0x080002a7   Thumb Code     0  startup_stm32f103xb.o(.text)
    TIM1_BRK_IRQHandler                      0x080002a7   Thumb Code     0  startup_stm32f103xb.o(.text)
    TIM1_CC_IRQHandler                       0x080002a7   Thumb Code     0  startup_stm32f103xb.o(.text)
    TIM1_TRG_COM_IRQHandler                  0x080002a7   Thumb Code     0  startup_stm32f103xb.o(.text)
    TIM2_IRQHandler                          0x080002a7   Thumb Code     0  startup_stm32f103xb.o(.text)
    TIM3_IRQHandler                          0x080002a7   Thumb Code     0  startup_stm32f103xb.o(.text)
    TIM4_IRQHandler                          0x080002a7   Thumb Code     0  startup_stm32f103xb.o(.text)
    USART1_IRQHandler                        0x080002a7   Thumb Code     0  startup_stm32f103xb.o(.text)
    USART2_IRQHandler                        0x080002a7   Thumb Code     0  startup_stm32f103xb.o(.text)
    USART3_IRQHandler                        0x080002a7   Thumb Code     0  startup_stm32f103xb.o(.text)
    USBWakeUp_IRQHandler                     0x080002a7   Thumb Code     0  startup_stm32f103xb.o(.text)
    USB_HP_CAN1_TX_IRQHandler                0x080002a7   Thumb Code     0  startup_stm32f103xb.o(.text)
    USB_LP_CAN1_RX0_IRQHandler               0x080002a7   Thumb Code     0  startup_stm32f103xb.o(.text)
    WWDG_IRQHandler                          0x080002a7   Thumb Code     0  startup_stm32f103xb.o(.text)
    __user_initial_stackheap                 0x080002a9   Thumb Code     0  startup_stm32f103xb.o(.text)
    __2sprintf                               0x080002cd   Thumb Code    34  noretval__2sprintf.o(.text)
    _printf_int_dec                          0x080002f5   Thumb Code   104  _printf_dec.o(.text)
    __printf                                 0x0800036d   Thumb Code   308  __printf_flags_wp.o(.text)
    atoi                                     0x080004a5   Thumb Code    26  atoi.o(.text)
    __aeabi_memcpy                           0x080004bf   Thumb Code     0  rt_memcpy_v6.o(.text)
    __rt_memcpy                              0x080004bf   Thumb Code   138  rt_memcpy_v6.o(.text)
    _memcpy_lastbytes                        0x08000525   Thumb Code     0  rt_memcpy_v6.o(.text)
    __aeabi_memcpy4                          0x08000549   Thumb Code     0  rt_memcpy_w.o(.text)
    __aeabi_memcpy8                          0x08000549   Thumb Code     0  rt_memcpy_w.o(.text)
    __rt_memcpy_w                            0x08000549   Thumb Code   100  rt_memcpy_w.o(.text)
    _memcpy_lastbytes_aligned                0x08000591   Thumb Code     0  rt_memcpy_w.o(.text)
    __aeabi_memclr4                          0x080005ad   Thumb Code     0  rt_memclr_w.o(.text)
    __aeabi_memclr8                          0x080005ad   Thumb Code     0  rt_memclr_w.o(.text)
    __rt_memclr_w                            0x080005ad   Thumb Code    78  rt_memclr_w.o(.text)
    _memset_w                                0x080005b1   Thumb Code     0  rt_memclr_w.o(.text)
    __use_two_region_memory                  0x080005fb   Thumb Code     2  heapauxi.o(.text)
    __rt_heap_escrow$2region                 0x080005fd   Thumb Code     2  heapauxi.o(.text)
    __rt_heap_expand$2region                 0x080005ff   Thumb Code     2  heapauxi.o(.text)
    __aeabi_errno_addr                       0x08000601   Thumb Code     8  rt_errno_addr_intlibspace.o(.text)
    __errno$intlibspace                      0x08000601   Thumb Code     0  rt_errno_addr_intlibspace.o(.text)
    __rt_errno_addr$intlibspace              0x08000601   Thumb Code     0  rt_errno_addr_intlibspace.o(.text)
    _printf_int_common                       0x08000609   Thumb Code   178  _printf_intcommon.o(.text)
    __lib_sel_fp_printf                      0x080006bb   Thumb Code     2  _printf_fp_dec.o(.text)
    _printf_fp_dec_real                      0x0800086d   Thumb Code   620  _printf_fp_dec.o(.text)
    _printf_char_common                      0x08000ae3   Thumb Code    32  _printf_char_common.o(.text)
    _sputc                                   0x08000b09   Thumb Code    10  _sputc.o(.text)
    strtol                                   0x08000b13   Thumb Code   112  strtol.o(.text)
    __user_libspace                          0x08000b85   Thumb Code     8  libspace.o(.text)
    __user_perproc_libspace                  0x08000b85   Thumb Code     0  libspace.o(.text)
    __user_perthread_libspace                0x08000b85   Thumb Code     0  libspace.o(.text)
    __rt_ctype_table                         0x08000b8d   Thumb Code    16  rt_ctype_table.o(.text)
    __rt_locale                              0x08000b9d   Thumb Code     8  rt_locale_intlibspace.o(.text)
    _ll_udiv10                               0x08000ba5   Thumb Code   138  lludiv10.o(.text)
    _printf_fp_infnan                        0x08000c31   Thumb Code   112  _printf_fp_infnan.o(.text)
    _strtoul                                 0x08000cb1   Thumb Code   158  _strtoul.o(.text)
    _btod_etento                             0x08000d51   Thumb Code   224  bigflt0.o(.text)
    __user_setup_stackheap                   0x08000e35   Thumb Code    74  sys_stackheap_outer.o(.text)
    _chval                                   0x08000e7f   Thumb Code    28  _chval.o(.text)
    exit                                     0x08000e9b   Thumb Code    18  exit.o(.text)
    strcmp                                   0x08000ead   Thumb Code   128  strcmpv7m.o(.text)
    _sys_exit                                0x08000f2d   Thumb Code     8  sys_exit.o(.text)
    __I$use$semihosting                      0x08000f39   Thumb Code     0  use_no_semi.o(.text)
    __use_no_semihosting_swi                 0x08000f39   Thumb Code     2  use_no_semi.o(.text)
    __semihosting_library_function           0x08000f3b   Thumb Code     0  indicate_semi.o(.text)
    _btod_d2e                                0x08000f3b   Thumb Code    62  btod.o(CL$$btod_d2e)
    _d2e_denorm_low                          0x08000f79   Thumb Code    70  btod.o(CL$$btod_d2e_denorm_low)
    _d2e_norm_op1                            0x08000fbf   Thumb Code    96  btod.o(CL$$btod_d2e_norm_op1)
    __btod_div_common                        0x0800101f   Thumb Code   696  btod.o(CL$$btod_div_common)
    _e2e                                     0x08001357   Thumb Code   220  btod.o(CL$$btod_e2e)
    _btod_ediv                               0x08001433   Thumb Code    42  btod.o(CL$$btod_ediv)
    _btod_emul                               0x0800145d   Thumb Code    42  btod.o(CL$$btod_emul)
    __btod_mult_common                       0x08001487   Thumb Code   580  btod.o(CL$$btod_mult_common)
    BusFault_Handler                         0x080016cb   Thumb Code     2  stm32f1xx_it.o(i.BusFault_Handler)
    DMA1_Channel6_IRQHandler                 0x080016cd   Thumb Code     6  stm32f1xx_it.o(i.DMA1_Channel6_IRQHandler)
    DebugMon_Handler                         0x08001703   Thumb Code     2  stm32f1xx_it.o(i.DebugMon_Handler)
    Error_Handler                            0x08001705   Thumb Code     4  main.o(i.Error_Handler)
    HAL_DMA_IRQHandler                       0x08001709   Thumb Code   316  stm32f1xx_hal_dma.o(i.HAL_DMA_IRQHandler)
    HAL_DMA_Init                             0x0800185d   Thumb Code    84  stm32f1xx_hal_dma.o(i.HAL_DMA_Init)
    HAL_DMA_Start_IT                         0x080018b9   Thumb Code   112  stm32f1xx_hal_dma.o(i.HAL_DMA_Start_IT)
    HAL_GPIO_Init                            0x08001929   Thumb Code   446  stm32f1xx_hal_gpio.o(i.HAL_GPIO_Init)
    HAL_GPIO_ReadPin                         0x08001b09   Thumb Code    10  stm32f1xx_hal_gpio.o(i.HAL_GPIO_ReadPin)
    HAL_GPIO_WritePin                        0x08001b13   Thumb Code    10  stm32f1xx_hal_gpio.o(i.HAL_GPIO_WritePin)
    HAL_GetTick                              0x08001b1d   Thumb Code     6  stm32f1xx_hal.o(i.HAL_GetTick)
    HAL_IncTick                              0x08001b29   Thumb Code    12  stm32f1xx_hal.o(i.HAL_IncTick)
    HAL_Init                                 0x08001b39   Thumb Code    32  stm32f1xx_hal.o(i.HAL_Init)
    HAL_InitTick                             0x08001b5d   Thumb Code    98  stm32f1xx_hal_timebase_tim.o(i.HAL_InitTick)
    HAL_MspInit                              0x08001bd1   Thumb Code    62  stm32f1xx_hal_msp.o(i.HAL_MspInit)
    HAL_NVIC_EnableIRQ                       0x08001c19   Thumb Code    26  stm32f1xx_hal_cortex.o(i.HAL_NVIC_EnableIRQ)
    HAL_NVIC_SetPriority                     0x08001c35   Thumb Code    60  stm32f1xx_hal_cortex.o(i.HAL_NVIC_SetPriority)
    HAL_NVIC_SetPriorityGrouping             0x08001c75   Thumb Code    26  stm32f1xx_hal_cortex.o(i.HAL_NVIC_SetPriorityGrouping)
    HAL_RCC_ClockConfig                      0x08001c99   Thumb Code   280  stm32f1xx_hal_rcc.o(i.HAL_RCC_ClockConfig)
    HAL_RCC_GetClockConfig                   0x08001dc5   Thumb Code    54  stm32f1xx_hal_rcc.o(i.HAL_RCC_GetClockConfig)
    HAL_RCC_GetPCLK1Freq                     0x08001e05   Thumb Code    20  stm32f1xx_hal_rcc.o(i.HAL_RCC_GetPCLK1Freq)
    HAL_RCC_GetPCLK2Freq                     0x08001e25   Thumb Code    20  stm32f1xx_hal_rcc.o(i.HAL_RCC_GetPCLK2Freq)
    HAL_RCC_GetSysClockFreq                  0x08001e45   Thumb Code    74  stm32f1xx_hal_rcc.o(i.HAL_RCC_GetSysClockFreq)
    HAL_RCC_OscConfig                        0x08001eb1   Thumb Code   778  stm32f1xx_hal_rcc.o(i.HAL_RCC_OscConfig)
    HAL_TIMEx_BreakCallback                  0x080021d1   Thumb Code     2  stm32f1xx_hal_tim_ex.o(i.HAL_TIMEx_BreakCallback)
    HAL_TIMEx_CommutCallback                 0x080021d3   Thumb Code     2  stm32f1xx_hal_tim_ex.o(i.HAL_TIMEx_CommutCallback)
    HAL_TIMEx_MasterConfigSynchronization    0x080021d5   Thumb Code    92  stm32f1xx_hal_tim_ex.o(i.HAL_TIMEx_MasterConfigSynchronization)
    HAL_TIM_Base_Init                        0x0800223d   Thumb Code    90  stm32f1xx_hal_tim.o(i.HAL_TIM_Base_Init)
    HAL_TIM_Base_MspInit                     0x08002299   Thumb Code    52  stm32f1xx_hal_msp.o(i.HAL_TIM_Base_MspInit)
    HAL_TIM_Base_Start                       0x080022d5   Thumb Code    66  stm32f1xx_hal_tim.o(i.HAL_TIM_Base_Start)
    HAL_TIM_Base_Start_IT                    0x08002325   Thumb Code    76  stm32f1xx_hal_tim.o(i.HAL_TIM_Base_Start_IT)
    HAL_TIM_ConfigClockSource                0x0800237d   Thumb Code   214  stm32f1xx_hal_tim.o(i.HAL_TIM_ConfigClockSource)
    HAL_TIM_IC_CaptureCallback               0x08002453   Thumb Code     2  stm32f1xx_hal_tim.o(i.HAL_TIM_IC_CaptureCallback)
    HAL_TIM_IRQHandler                       0x08002455   Thumb Code   358  stm32f1xx_hal_tim.o(i.HAL_TIM_IRQHandler)
    HAL_TIM_MspPostInit                      0x080025bd   Thumb Code    62  stm32f1xx_hal_msp.o(i.HAL_TIM_MspPostInit)
    HAL_TIM_OC_DelayElapsedCallback          0x08002605   Thumb Code     2  stm32f1xx_hal_tim.o(i.HAL_TIM_OC_DelayElapsedCallback)
    HAL_TIM_PWM_ConfigChannel                0x08002607   Thumb Code   198  stm32f1xx_hal_tim.o(i.HAL_TIM_PWM_ConfigChannel)
    HAL_TIM_PWM_Init                         0x080026cd   Thumb Code    90  stm32f1xx_hal_tim.o(i.HAL_TIM_PWM_Init)
    HAL_TIM_PWM_MspInit                      0x08002727   Thumb Code     2  stm32f1xx_hal_tim.o(i.HAL_TIM_PWM_MspInit)
    HAL_TIM_PWM_PulseFinishedCallback        0x08002729   Thumb Code     2  stm32f1xx_hal_tim.o(i.HAL_TIM_PWM_PulseFinishedCallback)
    HAL_TIM_PWM_Start                        0x0800272d   Thumb Code   144  stm32f1xx_hal_tim.o(i.HAL_TIM_PWM_Start)
    HAL_TIM_PeriodElapsedCallback            0x080027c9   Thumb Code    14  main.o(i.HAL_TIM_PeriodElapsedCallback)
    HAL_TIM_TriggerCallback                  0x080027dd   Thumb Code     2  stm32f1xx_hal_tim.o(i.HAL_TIM_TriggerCallback)
    HAL_UARTEx_RxEventCallback               0x080027df   Thumb Code     2  stm32f1xx_hal_uart.o(i.HAL_UARTEx_RxEventCallback)
    HAL_UART_ErrorCallback                   0x080027e1   Thumb Code     2  stm32f1xx_hal_uart.o(i.HAL_UART_ErrorCallback)
    HAL_UART_Init                            0x080027e3   Thumb Code    98  stm32f1xx_hal_uart.o(i.HAL_UART_Init)
    HAL_UART_MspInit                         0x08002845   Thumb Code   138  stm32f1xx_hal_msp.o(i.HAL_UART_MspInit)
    HAL_UART_Receive_DMA                     0x080028e5   Thumb Code    42  stm32f1xx_hal_uart.o(i.HAL_UART_Receive_DMA)
    HAL_UART_RxCpltCallback                  0x08002911   Thumb Code   156  main.o(i.HAL_UART_RxCpltCallback)
    HAL_UART_RxHalfCpltCallback              0x080029b5   Thumb Code     2  stm32f1xx_hal_uart.o(i.HAL_UART_RxHalfCpltCallback)
    HAL_UART_Transmit                        0x080029b9   Thumb Code   178  stm32f1xx_hal_uart.o(i.HAL_UART_Transmit)
    HardFault_Handler                        0x08002a6b   Thumb Code     2  stm32f1xx_it.o(i.HardFault_Handler)
    LCD5110_CS                               0x08002a6d   Thumb Code    18  5110.o(i.LCD5110_CS)
    LCD5110_DC                               0x08002a85   Thumb Code    18  5110.o(i.LCD5110_DC)
    LCD5110_DIN                              0x08002a9d   Thumb Code    18  5110.o(i.LCD5110_DIN)
    LCD5110_LCD_write_byte                   0x08002ab5   Thumb Code    70  5110.o(i.LCD5110_LCD_write_byte)
    LCD5110_Led                              0x08002afd   Thumb Code    20  5110.o(i.LCD5110_Led)
    LCD5110_RST                              0x08002b15   Thumb Code    18  5110.o(i.LCD5110_RST)
    LCD5110_SCK                              0x08002b2d   Thumb Code    18  5110.o(i.LCD5110_SCK)
    LCD5110_clear                            0x08002b45   Thumb Code    32  5110.o(i.LCD5110_clear)
    LCD5110_init                             0x08002b65   Thumb Code   114  5110.o(i.LCD5110_init)
    LCD5110_set_XY                           0x08002bd7   Thumb Code    34  5110.o(i.LCD5110_set_XY)
    LCD5110_write_char                       0x08002bf9   Thumb Code    36  5110.o(i.LCD5110_write_char)
    LCD5110_write_char_inv                   0x08002c21   Thumb Code    40  5110.o(i.LCD5110_write_char_inv)
    LCD5110_write_string                     0x08002c4d   Thumb Code    30  5110.o(i.LCD5110_write_string)
    LCD_PWM_Display                          0x08002c6d   Thumb Code   316  main.o(i.LCD_PWM_Display)
    MemManage_Handler                        0x08002fad   Thumb Code     2  stm32f1xx_it.o(i.MemManage_Handler)
    NMI_Handler                              0x08002faf   Thumb Code     2  stm32f1xx_it.o(i.NMI_Handler)
    StartDs18b20Task                         0x08002fed   Thumb Code   126  main.o(i.StartDs18b20Task)
    StartKeypadTask                          0x080030a5   Thumb Code    20  main.o(i.StartKeypadTask)
    StartPwmTask                             0x080030bd   Thumb Code    36  main.o(i.StartPwmTask)
    StartUartTask                            0x080030e5   Thumb Code    42  main.o(i.StartUartTask)
    SysTick_Handler                          0x08003115   Thumb Code    38  port.o(i.SysTick_Handler)
    SystemClock_Config                       0x08003141   Thumb Code    94  main.o(i.SystemClock_Config)
    SystemInit                               0x0800319f   Thumb Code     2  system_stm32f1xx.o(i.SystemInit)
    TIM1_UP_IRQHandler                       0x080031a1   Thumb Code     6  stm32f1xx_it.o(i.TIM1_UP_IRQHandler)
    TIM_Base_SetConfig                       0x080031ad   Thumb Code    94  stm32f1xx_hal_tim.o(i.TIM_Base_SetConfig)
    TIM_CCxChannelCmd                        0x08003219   Thumb Code    26  stm32f1xx_hal_tim.o(i.TIM_CCxChannelCmd)
    TIM_ETR_SetConfig                        0x08003233   Thumb Code    20  stm32f1xx_hal_tim.o(i.TIM_ETR_SetConfig)
    TIM_OC2_SetConfig                        0x080032a9   Thumb Code    84  stm32f1xx_hal_tim.o(i.TIM_OC2_SetConfig)
    UART_Start_Receive_DMA                   0x0800359d   Thumb Code    98  stm32f1xx_hal_uart.o(i.UART_Start_Receive_DMA)
    UsageFault_Handler                       0x08003671   Thumb Code     2  stm32f1xx_it.o(i.UsageFault_Handler)
    __ARM_fpclassify                         0x08003673   Thumb Code    40  fpclassify.o(i.__ARM_fpclassify)
    _is_digit                                0x080036bb   Thumb Code    14  __printf_wp.o(i._is_digit)
    check_KeyPad                             0x080036c9   Thumb Code   112  main.o(i.check_KeyPad)
    delay_init                               0x0800373d   Thumb Code     4  delay.o(i.delay_init)
    delay_ms                                 0x08003741   Thumb Code    30  delay.o(i.delay_ms)
    delay_us                                 0x0800375f   Thumb Code    16  delay.o(i.delay_us)
    ds18b20_init                             0x08003775   Thumb Code    16  ds18b20.o(i.ds18b20_init)
    main                                     0x080038b5   Thumb Code   258  main.o(i.main)
    motor_control                            0x080039dd   Thumb Code    26  main.o(i.motor_control)
    osDelay                                  0x08003a01   Thumb Code    14  cmsis_os.o(i.osDelay)
    osKernelStart                            0x08003a0f   Thumb Code    10  cmsis_os.o(i.osKernelStart)
    osSemaphoreCreate                        0x08003a19   Thumb Code    62  cmsis_os.o(i.osSemaphoreCreate)
    osSemaphoreRelease                       0x08003a59   Thumb Code    74  cmsis_os.o(i.osSemaphoreRelease)
    osSemaphoreWait                          0x08003aa9   Thumb Code    96  cmsis_os.o(i.osSemaphoreWait)
    osThreadCreate                           0x08003b0d   Thumb Code    84  cmsis_os.o(i.osThreadCreate)
    pvPortMalloc                             0x08003fd5   Thumb Code   210  heap_4.o(i.pvPortMalloc)
    pvTaskIncrementMutexHeldCount            0x080040ad   Thumb Code    18  tasks.o(i.pvTaskIncrementMutexHeldCount)
    pxPortInitialiseStack                    0x080040c5   Thumb Code    32  port.o(i.pxPortInitialiseStack)
    read_keypad                              0x080040e9   Thumb Code   688  main.o(i.read_keypad)
    temperature                              0x080043a1   Thumb Code   112  ds18b20.o(i.temperature)
    upDateLCD_Enable                         0x08004411   Thumb Code    62  main.o(i.upDateLCD_Enable)
    upDateLCD_Source                         0x08004465   Thumb Code    62  main.o(i.upDateLCD_Source)
    uxListRemove                             0x080044c1   Thumb Code    38  list.o(i.uxListRemove)
    vApplicationGetIdleTaskMemory            0x080044e9   Thumb Code    16  freertos.o(i.vApplicationGetIdleTaskMemory)
    vListInitialise                          0x080044fd   Thumb Code    22  list.o(i.vListInitialise)
    vListInitialiseItem                      0x08004513   Thumb Code     6  list.o(i.vListInitialiseItem)
    vListInsert                              0x08004519   Thumb Code    48  list.o(i.vListInsert)
    vListInsertEnd                           0x08004549   Thumb Code    24  list.o(i.vListInsertEnd)
    vPortEnterCritical                       0x08004561   Thumb Code    54  port.o(i.vPortEnterCritical)
    vPortExitCritical                        0x080045a1   Thumb Code    34  port.o(i.vPortExitCritical)
    vPortFree                                0x080045c9   Thumb Code    88  heap_4.o(i.vPortFree)
    vPortSetupTimerInterrupt                 0x08004625   Thumb Code    32  port.o(i.vPortSetupTimerInterrupt)
    vPortValidateInterruptPriority           0x08004649   Thumb Code    74  port.o(i.vPortValidateInterruptPriority)
    vTaskDelay                               0x0800469d   Thumb Code    66  tasks.o(i.vTaskDelay)
    vTaskInternalSetTimeOutState             0x080046e9   Thumb Code    12  tasks.o(i.vTaskInternalSetTimeOutState)
    vTaskMissedYield                         0x080046f9   Thumb Code     8  tasks.o(i.vTaskMissedYield)
    vTaskPlaceOnEventList                    0x08004705   Thumb Code    44  tasks.o(i.vTaskPlaceOnEventList)
    vTaskPriorityDisinheritAfterTimeout      0x08004735   Thumb Code   160  tasks.o(i.vTaskPriorityDisinheritAfterTimeout)
    vTaskStartScheduler                      0x080047dd   Thumb Code    90  tasks.o(i.vTaskStartScheduler)
    vTaskSuspendAll                          0x08004849   Thumb Code    10  tasks.o(i.vTaskSuspendAll)
    vTaskSwitchContext                       0x08004859   Thumb Code    82  tasks.o(i.vTaskSwitchContext)
    xPortStartScheduler                      0x080048b5   Thumb Code   154  port.o(i.xPortStartScheduler)
    xQueueGenericCreate                      0x0800495d   Thumb Code    72  queue.o(i.xQueueGenericCreate)
    xQueueGenericCreateStatic                0x080049a5   Thumb Code   102  queue.o(i.xQueueGenericCreateStatic)
    xQueueGenericReset                       0x08004a0d   Thumb Code   132  queue.o(i.xQueueGenericReset)
    xQueueGenericSend                        0x08004a95   Thumb Code   346  queue.o(i.xQueueGenericSend)
    xQueueGiveFromISR                        0x08004bf5   Thumb Code   156  queue.o(i.xQueueGiveFromISR)
    xQueueReceiveFromISR                     0x08004c91   Thumb Code   154  queue.o(i.xQueueReceiveFromISR)
    xQueueSemaphoreTake                      0x08004d2d   Thumb Code   372  queue.o(i.xQueueSemaphoreTake)
    xTaskCheckForTimeOut                     0x08004ea5   Thumb Code   112  tasks.o(i.xTaskCheckForTimeOut)
    xTaskCreate                              0x08004f19   Thumb Code    90  tasks.o(i.xTaskCreate)
    xTaskCreateStatic                        0x08004f73   Thumb Code    86  tasks.o(i.xTaskCreateStatic)
    xTaskGetSchedulerState                   0x08004fc9   Thumb Code    22  tasks.o(i.xTaskGetSchedulerState)
    xTaskIncrementTick                       0x08004fe5   Thumb Code   192  tasks.o(i.xTaskIncrementTick)
    xTaskPriorityDisinherit                  0x080050ad   Thumb Code   144  tasks.o(i.xTaskPriorityDisinherit)
    xTaskPriorityInherit                     0x08005145   Thumb Code   138  tasks.o(i.xTaskPriorityInherit)
    xTaskRemoveFromEventList                 0x080051d9   Thumb Code   108  tasks.o(i.xTaskRemoveFromEventList)
    xTaskResumeAll                           0x0800524d   Thumb Code   182  tasks.o(i.xTaskResumeAll)
    _get_lc_numeric                          0x08005311   Thumb Code    44  lc_numeric_c.o(locale$$code)
    _get_lc_ctype                            0x0800533d   Thumb Code    44  lc_ctype_c.o(locale$$code)
    __fpl_dretinf                            0x08005369   Thumb Code    12  dretinf.o(x$fpl$dretinf)
    __aeabi_f2d                              0x08005375   Thumb Code     0  f2d.o(x$fpl$f2d)
    _f2d                                     0x08005375   Thumb Code    86  f2d.o(x$fpl$f2d)
    __aeabi_fadd                             0x080053cd   Thumb Code     0  faddsub_clz.o(x$fpl$fadd)
    _fadd                                    0x080053cd   Thumb Code   196  faddsub_clz.o(x$fpl$fadd)
    __fpl_fcheck_NaN1                        0x08005491   Thumb Code     6  fcheck1.o(x$fpl$fcheck1)
    __aeabi_f2iz                             0x0800549d   Thumb Code     0  ffix.o(x$fpl$ffix)
    _ffix                                    0x0800549d   Thumb Code    54  ffix.o(x$fpl$ffix)
    __aeabi_f2uiz                            0x080054d5   Thumb Code     0  ffixu.o(x$fpl$ffixu)
    _ffixu                                   0x080054d5   Thumb Code    62  ffixu.o(x$fpl$ffixu)
    __aeabi_i2f                              0x08005515   Thumb Code     0  fflt_clz.o(x$fpl$fflt)
    _fflt                                    0x08005515   Thumb Code    48  fflt_clz.o(x$fpl$fflt)
    __aeabi_ui2f                             0x08005545   Thumb Code     0  fflt_clz.o(x$fpl$ffltu)
    _ffltu                                   0x08005545   Thumb Code    38  fflt_clz.o(x$fpl$ffltu)
    __aeabi_fmul                             0x0800556d   Thumb Code     0  fmul.o(x$fpl$fmul)
    _fmul                                    0x0800556d   Thumb Code   258  fmul.o(x$fpl$fmul)
    __fpl_fnaninf                            0x0800566f   Thumb Code   140  fnaninf.o(x$fpl$fnaninf)
    __fpl_fretinf                            0x080056fb   Thumb Code    10  fretinf.o(x$fpl$fretinf)
    __aeabi_fsub                             0x08005705   Thumb Code     0  faddsub_clz.o(x$fpl$fsub)
    _fsub                                    0x08005705   Thumb Code   234  faddsub_clz.o(x$fpl$fsub)
    _printf_fp_dec                           0x080057ef   Thumb Code     4  printf1.o(x$fpl$printf1)
    __fpl_return_NaN                         0x080057f3   Thumb Code   100  retnan.o(x$fpl$retnan)
    __ARM_scalbnf                            0x08005857   Thumb Code    76  scalbnf.o(x$fpl$scalbnf)
    __fpl_cmpreturn                          0x080058a3   Thumb Code    48  trapv.o(x$fpl$trapveneer)
    __I$use$fp                               0x080058d2   Number         0  usenofp.o(x$fpl$usenofp)
    AHBPrescTable                            0x08005944   Data          16  system_stm32f1xx.o(.constdata)
    APBPrescTable                            0x08005954   Data           8  system_stm32f1xx.o(.constdata)
    Region$$Table$$Base                      0x08005a30   Number         0  anon$$obj.o(Region$$Table)
    Region$$Table$$Limit                     0x08005a50   Number         0  anon$$obj.o(Region$$Table)
    __ctype                                  0x08005a79   Data           0  lc_ctype_c.o(locale$$data)
    font6_8                                  0x20000000   Data         816  5110.o(.data)
    RxCount                                  0x20000330   Data           1  main.o(.data)
    PWM_Enable                               0x20000331   Data           1  main.o(.data)
    PWM_Source                               0x20000332   Data           1  main.o(.data)
    RxData                                   0x20000333   Data           1  main.o(.data)
    key                                      0x20000334   Data           1  main.o(.data)
    t1                                       0x20000335   Data           2  main.o(.data)
    PWM_Rate                                 0x20000337   Data           3  main.o(.data)
    _Rx_Index                                0x2000033c   Data           4  main.o(.data)
    Rx_Flag                                  0x20000340   Data           4  main.o(.data)
    uartTaskHandle                           0x20000344   Data           4  main.o(.data)
    ds18b20TaskHandle                        0x20000348   Data           4  main.o(.data)
    keypadTaskHandle                         0x2000034c   Data           4  main.o(.data)
    pwmTaskHandle                            0x20000350   Data           4  main.o(.data)
    myBinarySem01Handle                      0x20000354   Data           4  main.o(.data)
    lcd1                                     0x20000358   Data           4  main.o(.data)
    temp                                     0x2000035c   Data           4  main.o(.data)
    controlMotor                             0x20000360   Data           7  main.o(.data)
    uwTickFreq                               0x20000368   Data           1  stm32f1xx_hal.o(.data)
    uwTickPrio                               0x2000036c   Data           4  stm32f1xx_hal.o(.data)
    uwTick                                   0x20000370   Data           4  stm32f1xx_hal.o(.data)
    SystemCoreClock                          0x20000374   Data           4  system_stm32f1xx.o(.data)
    pxCurrentTCB                             0x20000378   Data           4  tasks.o(.data)
    t                                        0x200003d8   Data          12  main.o(.bss)
    htim2                                    0x200003e4   Data          72  main.o(.bss)
    htim4                                    0x2000042c   Data          72  main.o(.bss)
    huart2                                   0x20000474   Data          68  main.o(.bss)
    ds1                                      0x200004b8   Data          16  main.o(.bss)
    hdma_usart2_rx                           0x200004c8   Data          68  main.o(.bss)
    htim1                                    0x20000760   Data          72  stm32f1xx_hal_timebase_tim.o(.bss)
    __libspace_start                         0x20001498   Data          96  libspace.o(.bss)
    __temporary_stack_top$libspace           0x200014f8   Data           0  libspace.o(.bss)



==============================================================================

Memory Map of the image

  Image Entry point : 0x080000ed

  Load Region LR_IROM1 (Base: 0x08000000, Size: 0x00005f54, Max: 0x00010000, ABSOLUTE, COMPRESSED[0x00005d50])

    Execution Region ER_IROM1 (Exec base: 0x08000000, Load base: 0x08000000, Size: 0x00005b7c, Max: 0x00010000, ABSOLUTE)

    Exec Addr    Load Addr    Size         Type   Attr      Idx    E Section Name        Object

    0x08000000   0x08000000   0x000000ec   Data   RO            3    RESET               startup_stm32f103xb.o
    0x080000ec   0x080000ec   0x00000008   Code   RO         4384  * !!!main             c_w.l(__main.o)
    0x080000f4   0x080000f4   0x00000034   Code   RO         4656    !!!scatter          c_w.l(__scatter.o)
    0x08000128   0x08000128   0x0000005a   Code   RO         4654    !!dczerorl2         c_w.l(__dczerorl2.o)
    0x08000182   0x08000182   0x00000002   PAD
    0x08000184   0x08000184   0x0000001c   Code   RO         4658    !!handler_zi        c_w.l(__scatter_zi.o)
    0x080001a0   0x080001a0   0x00000000   Code   RO         4371    .ARM.Collect$$_printf_percent$$00000000  c_w.l(_printf_percent.o)
    0x080001a0   0x080001a0   0x00000006   Code   RO         4370    .ARM.Collect$$_printf_percent$$00000003  c_w.l(_printf_f.o)
    0x080001a6   0x080001a6   0x00000006   Code   RO         4369    .ARM.Collect$$_printf_percent$$00000009  c_w.l(_printf_d.o)
    0x080001ac   0x080001ac   0x00000004   Code   RO         4428    .ARM.Collect$$_printf_percent$$00000017  c_w.l(_printf_percent_end.o)
    0x080001b0   0x080001b0   0x00000002   Code   RO         4525    .ARM.Collect$$libinit$$00000000  c_w.l(libinit.o)
    0x080001b2   0x080001b2   0x00000000   Code   RO         4527    .ARM.Collect$$libinit$$00000002  c_w.l(libinit2.o)
    0x080001b2   0x080001b2   0x00000000   Code   RO         4529    .ARM.Collect$$libinit$$00000004  c_w.l(libinit2.o)
    0x080001b2   0x080001b2   0x00000000   Code   RO         4532    .ARM.Collect$$libinit$$0000000A  c_w.l(libinit2.o)
    0x080001b2   0x080001b2   0x00000000   Code   RO         4534    .ARM.Collect$$libinit$$0000000C  c_w.l(libinit2.o)
    0x080001b2   0x080001b2   0x00000000   Code   RO         4536    .ARM.Collect$$libinit$$0000000E  c_w.l(libinit2.o)
    0x080001b2   0x080001b2   0x00000006   Code   RO         4537    .ARM.Collect$$libinit$$0000000F  c_w.l(libinit2.o)
    0x080001b8   0x080001b8   0x00000000   Code   RO         4539    .ARM.Collect$$libinit$$00000011  c_w.l(libinit2.o)
    0x080001b8   0x080001b8   0x0000000c   Code   RO         4540    .ARM.Collect$$libinit$$00000012  c_w.l(libinit2.o)
    0x080001c4   0x080001c4   0x00000000   Code   RO         4541    .ARM.Collect$$libinit$$00000013  c_w.l(libinit2.o)
    0x080001c4   0x080001c4   0x00000000   Code   RO         4543    .ARM.Collect$$libinit$$00000015  c_w.l(libinit2.o)
    0x080001c4   0x080001c4   0x0000000a   Code   RO         4544    .ARM.Collect$$libinit$$00000016  c_w.l(libinit2.o)
    0x080001ce   0x080001ce   0x00000000   Code   RO         4545    .ARM.Collect$$libinit$$00000017  c_w.l(libinit2.o)
    0x080001ce   0x080001ce   0x00000000   Code   RO         4547    .ARM.Collect$$libinit$$00000019  c_w.l(libinit2.o)
    0x080001ce   0x080001ce   0x00000000   Code   RO         4549    .ARM.Collect$$libinit$$0000001B  c_w.l(libinit2.o)
    0x080001ce   0x080001ce   0x00000000   Code   RO         4551    .ARM.Collect$$libinit$$0000001D  c_w.l(libinit2.o)
    0x080001ce   0x080001ce   0x00000000   Code   RO         4553    .ARM.Collect$$libinit$$0000001F  c_w.l(libinit2.o)
    0x080001ce   0x080001ce   0x00000000   Code   RO         4555    .ARM.Collect$$libinit$$00000021  c_w.l(libinit2.o)
    0x080001ce   0x080001ce   0x00000000   Code   RO         4557    .ARM.Collect$$libinit$$00000023  c_w.l(libinit2.o)
    0x080001ce   0x080001ce   0x00000000   Code   RO         4559    .ARM.Collect$$libinit$$00000025  c_w.l(libinit2.o)
    0x080001ce   0x080001ce   0x00000000   Code   RO         4563    .ARM.Collect$$libinit$$0000002C  c_w.l(libinit2.o)
    0x080001ce   0x080001ce   0x00000000   Code   RO         4565    .ARM.Collect$$libinit$$0000002E  c_w.l(libinit2.o)
    0x080001ce   0x080001ce   0x00000000   Code   RO         4567    .ARM.Collect$$libinit$$00000030  c_w.l(libinit2.o)
    0x080001ce   0x080001ce   0x00000000   Code   RO         4569    .ARM.Collect$$libinit$$00000032  c_w.l(libinit2.o)
    0x080001ce   0x080001ce   0x00000002   Code   RO         4570    .ARM.Collect$$libinit$$00000033  c_w.l(libinit2.o)
    0x080001d0   0x080001d0   0x00000002   Code   RO         4602    .ARM.Collect$$libshutdown$$00000000  c_w.l(libshutdown.o)
    0x080001d2   0x080001d2   0x00000000   Code   RO         4613    .ARM.Collect$$libshutdown$$00000002  c_w.l(libshutdown2.o)
    0x080001d2   0x080001d2   0x00000000   Code   RO         4615    .ARM.Collect$$libshutdown$$00000004  c_w.l(libshutdown2.o)
    0x080001d2   0x080001d2   0x00000000   Code   RO         4618    .ARM.Collect$$libshutdown$$00000007  c_w.l(libshutdown2.o)
    0x080001d2   0x080001d2   0x00000000   Code   RO         4621    .ARM.Collect$$libshutdown$$0000000A  c_w.l(libshutdown2.o)
    0x080001d2   0x080001d2   0x00000000   Code   RO         4623    .ARM.Collect$$libshutdown$$0000000C  c_w.l(libshutdown2.o)
    0x080001d2   0x080001d2   0x00000000   Code   RO         4626    .ARM.Collect$$libshutdown$$0000000F  c_w.l(libshutdown2.o)
    0x080001d2   0x080001d2   0x00000002   Code   RO         4627    .ARM.Collect$$libshutdown$$00000010  c_w.l(libshutdown2.o)
    0x080001d4   0x080001d4   0x00000000   Code   RO         4414    .ARM.Collect$$rtentry$$00000000  c_w.l(__rtentry.o)
    0x080001d4   0x080001d4   0x00000000   Code   RO         4446    .ARM.Collect$$rtentry$$00000002  c_w.l(__rtentry2.o)
    0x080001d4   0x080001d4   0x00000006   Code   RO         4458    .ARM.Collect$$rtentry$$00000004  c_w.l(__rtentry4.o)
    0x080001da   0x080001da   0x00000000   Code   RO         4448    .ARM.Collect$$rtentry$$00000009  c_w.l(__rtentry2.o)
    0x080001da   0x080001da   0x00000004   Code   RO         4449    .ARM.Collect$$rtentry$$0000000A  c_w.l(__rtentry2.o)
    0x080001de   0x080001de   0x00000000   Code   RO         4451    .ARM.Collect$$rtentry$$0000000C  c_w.l(__rtentry2.o)
    0x080001de   0x080001de   0x00000008   Code   RO         4452    .ARM.Collect$$rtentry$$0000000D  c_w.l(__rtentry2.o)
    0x080001e6   0x080001e6   0x00000002   Code   RO         4573    .ARM.Collect$$rtexit$$00000000  c_w.l(rtexit.o)
    0x080001e8   0x080001e8   0x00000000   Code   RO         4580    .ARM.Collect$$rtexit$$00000002  c_w.l(rtexit2.o)
    0x080001e8   0x080001e8   0x00000004   Code   RO         4581    .ARM.Collect$$rtexit$$00000003  c_w.l(rtexit2.o)
    0x080001ec   0x080001ec   0x00000006   Code   RO         4582    .ARM.Collect$$rtexit$$00000004  c_w.l(rtexit2.o)
    0x080001f2   0x080001f2   0x00000002   PAD
    0x080001f4   0x080001f4   0x00000096   Code   RO         4260    .emb_text           port.o
    0x0800028a   0x0800028a   0x00000002   PAD
    0x0800028c   0x0800028c   0x00000040   Code   RO            4    .text               startup_stm32f103xb.o
    0x080002cc   0x080002cc   0x00000028   Code   RO         4343    .text               c_w.l(noretval__2sprintf.o)
    0x080002f4   0x080002f4   0x00000078   Code   RO         4347    .text               c_w.l(_printf_dec.o)
    0x0800036c   0x0800036c   0x00000138   Code   RO         4361    .text               c_w.l(__printf_flags_wp.o)
    0x080004a4   0x080004a4   0x0000001a   Code   RO         4372    .text               c_w.l(atoi.o)
    0x080004be   0x080004be   0x0000008a   Code   RO         4374    .text               c_w.l(rt_memcpy_v6.o)
    0x08000548   0x08000548   0x00000064   Code   RO         4376    .text               c_w.l(rt_memcpy_w.o)
    0x080005ac   0x080005ac   0x0000004e   Code   RO         4380    .text               c_w.l(rt_memclr_w.o)
    0x080005fa   0x080005fa   0x00000006   Code   RO         4382    .text               c_w.l(heapauxi.o)
    0x08000600   0x08000600   0x00000008   Code   RO         4418    .text               c_w.l(rt_errno_addr_intlibspace.o)
    0x08000608   0x08000608   0x000000b2   Code   RO         4420    .text               c_w.l(_printf_intcommon.o)
    0x080006ba   0x080006ba   0x0000041e   Code   RO         4422    .text               c_w.l(_printf_fp_dec.o)
    0x08000ad8   0x08000ad8   0x00000030   Code   RO         4424    .text               c_w.l(_printf_char_common.o)
    0x08000b08   0x08000b08   0x0000000a   Code   RO         4426    .text               c_w.l(_sputc.o)
    0x08000b12   0x08000b12   0x00000070   Code   RO         4429    .text               c_w.l(strtol.o)
    0x08000b82   0x08000b82   0x00000002   PAD
    0x08000b84   0x08000b84   0x00000008   Code   RO         4442    .text               c_w.l(libspace.o)
    0x08000b8c   0x08000b8c   0x00000010   Code   RO         4460    .text               c_w.l(rt_ctype_table.o)
    0x08000b9c   0x08000b9c   0x00000008   Code   RO         4465    .text               c_w.l(rt_locale_intlibspace.o)
    0x08000ba4   0x08000ba4   0x0000008a   Code   RO         4467    .text               c_w.l(lludiv10.o)
    0x08000c2e   0x08000c2e   0x00000002   PAD
    0x08000c30   0x08000c30   0x00000080   Code   RO         4469    .text               c_w.l(_printf_fp_infnan.o)
    0x08000cb0   0x08000cb0   0x0000009e   Code   RO         4473    .text               c_w.l(_strtoul.o)
    0x08000d4e   0x08000d4e   0x00000002   PAD
    0x08000d50   0x08000d50   0x000000e4   Code   RO         4475    .text               c_w.l(bigflt0.o)
    0x08000e34   0x08000e34   0x0000004a   Code   RO         4509    .text               c_w.l(sys_stackheap_outer.o)
    0x08000e7e   0x08000e7e   0x0000001c   Code   RO         4511    .text               c_w.l(_chval.o)
    0x08000e9a   0x08000e9a   0x00000012   Code   RO         4516    .text               c_w.l(exit.o)
    0x08000eac   0x08000eac   0x00000080   Code   RO         4518    .text               c_w.l(strcmpv7m.o)
    0x08000f2c   0x08000f2c   0x0000000c   Code   RO         4592    .text               c_w.l(sys_exit.o)
    0x08000f38   0x08000f38   0x00000002   Code   RO         4603    .text               c_w.l(use_no_semi.o)
    0x08000f3a   0x08000f3a   0x00000000   Code   RO         4605    .text               c_w.l(indicate_semi.o)
    0x08000f3a   0x08000f3a   0x0000003e   Code   RO         4478    CL$$btod_d2e        c_w.l(btod.o)
    0x08000f78   0x08000f78   0x00000046   Code   RO         4480    CL$$btod_d2e_denorm_low  c_w.l(btod.o)
    0x08000fbe   0x08000fbe   0x00000060   Code   RO         4479    CL$$btod_d2e_norm_op1  c_w.l(btod.o)
    0x0800101e   0x0800101e   0x00000338   Code   RO         4488    CL$$btod_div_common  c_w.l(btod.o)
    0x08001356   0x08001356   0x000000dc   Code   RO         4485    CL$$btod_e2e        c_w.l(btod.o)
    0x08001432   0x08001432   0x0000002a   Code   RO         4482    CL$$btod_ediv       c_w.l(btod.o)
    0x0800145c   0x0800145c   0x0000002a   Code   RO         4481    CL$$btod_emul       c_w.l(btod.o)
    0x08001486   0x08001486   0x00000244   Code   RO         4487    CL$$btod_mult_common  c_w.l(btod.o)
    0x080016ca   0x080016ca   0x00000002   Code   RO          530    i.BusFault_Handler  stm32f1xx_it.o
    0x080016cc   0x080016cc   0x0000000c   Code   RO          531    i.DMA1_Channel6_IRQHandler  stm32f1xx_it.o
    0x080016d8   0x080016d8   0x0000002a   Code   RO         1108    i.DMA_SetConfig     stm32f1xx_hal_dma.o
    0x08001702   0x08001702   0x00000002   Code   RO          532    i.DebugMon_Handler  stm32f1xx_it.o
    0x08001704   0x08001704   0x00000004   Code   RO          310    i.Error_Handler     main.o
    0x08001708   0x08001708   0x00000154   Code   RO         1114    i.HAL_DMA_IRQHandler  stm32f1xx_hal_dma.o
    0x0800185c   0x0800185c   0x0000005c   Code   RO         1115    i.HAL_DMA_Init      stm32f1xx_hal_dma.o
    0x080018b8   0x080018b8   0x00000070   Code   RO         1119    i.HAL_DMA_Start_IT  stm32f1xx_hal_dma.o
    0x08001928   0x08001928   0x000001e0   Code   RO         1045    i.HAL_GPIO_Init     stm32f1xx_hal_gpio.o
    0x08001b08   0x08001b08   0x0000000a   Code   RO         1047    i.HAL_GPIO_ReadPin  stm32f1xx_hal_gpio.o
    0x08001b12   0x08001b12   0x0000000a   Code   RO         1049    i.HAL_GPIO_WritePin  stm32f1xx_hal_gpio.o
    0x08001b1c   0x08001b1c   0x0000000c   Code   RO          741    i.HAL_GetTick       stm32f1xx_hal.o
    0x08001b28   0x08001b28   0x00000010   Code   RO          747    i.HAL_IncTick       stm32f1xx_hal.o
    0x08001b38   0x08001b38   0x00000024   Code   RO          748    i.HAL_Init          stm32f1xx_hal.o
    0x08001b5c   0x08001b5c   0x00000074   Code   RO          655    i.HAL_InitTick      stm32f1xx_hal_timebase_tim.o
    0x08001bd0   0x08001bd0   0x00000048   Code   RO          600    i.HAL_MspInit       stm32f1xx_hal_msp.o
    0x08001c18   0x08001c18   0x0000001a   Code   RO         1205    i.HAL_NVIC_EnableIRQ  stm32f1xx_hal_cortex.o
    0x08001c32   0x08001c32   0x00000002   PAD
    0x08001c34   0x08001c34   0x00000040   Code   RO         1211    i.HAL_NVIC_SetPriority  stm32f1xx_hal_cortex.o
    0x08001c74   0x08001c74   0x00000024   Code   RO         1212    i.HAL_NVIC_SetPriorityGrouping  stm32f1xx_hal_cortex.o
    0x08001c98   0x08001c98   0x0000012c   Code   RO          905    i.HAL_RCC_ClockConfig  stm32f1xx_hal_rcc.o
    0x08001dc4   0x08001dc4   0x00000040   Code   RO          909    i.HAL_RCC_GetClockConfig  stm32f1xx_hal_rcc.o
    0x08001e04   0x08001e04   0x00000020   Code   RO          912    i.HAL_RCC_GetPCLK1Freq  stm32f1xx_hal_rcc.o
    0x08001e24   0x08001e24   0x00000020   Code   RO          913    i.HAL_RCC_GetPCLK2Freq  stm32f1xx_hal_rcc.o
    0x08001e44   0x08001e44   0x0000006c   Code   RO          914    i.HAL_RCC_GetSysClockFreq  stm32f1xx_hal_rcc.o
    0x08001eb0   0x08001eb0   0x00000320   Code   RO          917    i.HAL_RCC_OscConfig  stm32f1xx_hal_rcc.o
    0x080021d0   0x080021d0   0x00000002   Code   RO         2411    i.HAL_TIMEx_BreakCallback  stm32f1xx_hal_tim_ex.o
    0x080021d2   0x080021d2   0x00000002   Code   RO         2412    i.HAL_TIMEx_CommutCallback  stm32f1xx_hal_tim_ex.o
    0x080021d4   0x080021d4   0x00000068   Code   RO         2430    i.HAL_TIMEx_MasterConfigSynchronization  stm32f1xx_hal_tim_ex.o
    0x0800223c   0x0800223c   0x0000005a   Code   RO         1707    i.HAL_TIM_Base_Init  stm32f1xx_hal_tim.o
    0x08002296   0x08002296   0x00000002   PAD
    0x08002298   0x08002298   0x0000003c   Code   RO          602    i.HAL_TIM_Base_MspInit  stm32f1xx_hal_msp.o
    0x080022d4   0x080022d4   0x00000050   Code   RO         1710    i.HAL_TIM_Base_Start  stm32f1xx_hal_tim.o
    0x08002324   0x08002324   0x00000058   Code   RO         1712    i.HAL_TIM_Base_Start_IT  stm32f1xx_hal_tim.o
    0x0800237c   0x0800237c   0x000000d6   Code   RO         1716    i.HAL_TIM_ConfigClockSource  stm32f1xx_hal_tim.o
    0x08002452   0x08002452   0x00000002   Code   RO         1741    i.HAL_TIM_IC_CaptureCallback  stm32f1xx_hal_tim.o
    0x08002454   0x08002454   0x00000166   Code   RO         1755    i.HAL_TIM_IRQHandler  stm32f1xx_hal_tim.o
    0x080025ba   0x080025ba   0x00000002   PAD
    0x080025bc   0x080025bc   0x00000048   Code   RO          603    i.HAL_TIM_MspPostInit  stm32f1xx_hal_msp.o
    0x08002604   0x08002604   0x00000002   Code   RO         1758    i.HAL_TIM_OC_DelayElapsedCallback  stm32f1xx_hal_tim.o
    0x08002606   0x08002606   0x000000c6   Code   RO         1779    i.HAL_TIM_PWM_ConfigChannel  stm32f1xx_hal_tim.o
    0x080026cc   0x080026cc   0x0000005a   Code   RO         1782    i.HAL_TIM_PWM_Init  stm32f1xx_hal_tim.o
    0x08002726   0x08002726   0x00000002   Code   RO         1784    i.HAL_TIM_PWM_MspInit  stm32f1xx_hal_tim.o
    0x08002728   0x08002728   0x00000002   Code   RO         1785    i.HAL_TIM_PWM_PulseFinishedCallback  stm32f1xx_hal_tim.o
    0x0800272a   0x0800272a   0x00000002   PAD
    0x0800272c   0x0800272c   0x0000009c   Code   RO         1787    i.HAL_TIM_PWM_Start  stm32f1xx_hal_tim.o
    0x080027c8   0x080027c8   0x00000014   Code   RO          311    i.HAL_TIM_PeriodElapsedCallback  main.o
    0x080027dc   0x080027dc   0x00000002   Code   RO         1798    i.HAL_TIM_TriggerCallback  stm32f1xx_hal_tim.o
    0x080027de   0x080027de   0x00000002   Code   RO         2689    i.HAL_UARTEx_RxEventCallback  stm32f1xx_hal_uart.o
    0x080027e0   0x080027e0   0x00000002   Code   RO         2703    i.HAL_UART_ErrorCallback  stm32f1xx_hal_uart.o
    0x080027e2   0x080027e2   0x00000062   Code   RO         2707    i.HAL_UART_Init     stm32f1xx_hal_uart.o
    0x08002844   0x08002844   0x000000a0   Code   RO          605    i.HAL_UART_MspInit  stm32f1xx_hal_msp.o
    0x080028e4   0x080028e4   0x0000002a   Code   RO         2711    i.HAL_UART_Receive_DMA  stm32f1xx_hal_uart.o
    0x0800290e   0x0800290e   0x00000002   PAD
    0x08002910   0x08002910   0x000000a4   Code   RO          312    i.HAL_UART_RxCpltCallback  main.o
    0x080029b4   0x080029b4   0x00000002   Code   RO         2714    i.HAL_UART_RxHalfCpltCallback  stm32f1xx_hal_uart.o
    0x080029b6   0x080029b6   0x00000002   PAD
    0x080029b8   0x080029b8   0x000000b2   Code   RO         2715    i.HAL_UART_Transmit  stm32f1xx_hal_uart.o
    0x08002a6a   0x08002a6a   0x00000002   Code   RO          533    i.HardFault_Handler  stm32f1xx_it.o
    0x08002a6c   0x08002a6c   0x00000018   Code   RO          208    i.LCD5110_CS        5110.o
    0x08002a84   0x08002a84   0x00000018   Code   RO          209    i.LCD5110_DC        5110.o
    0x08002a9c   0x08002a9c   0x00000018   Code   RO          210    i.LCD5110_DIN       5110.o
    0x08002ab4   0x08002ab4   0x00000046   Code   RO          211    i.LCD5110_LCD_write_byte  5110.o
    0x08002afa   0x08002afa   0x00000002   PAD
    0x08002afc   0x08002afc   0x00000018   Code   RO          212    i.LCD5110_Led       5110.o
    0x08002b14   0x08002b14   0x00000018   Code   RO          213    i.LCD5110_RST       5110.o
    0x08002b2c   0x08002b2c   0x00000018   Code   RO          214    i.LCD5110_SCK       5110.o
    0x08002b44   0x08002b44   0x00000020   Code   RO          216    i.LCD5110_clear     5110.o
    0x08002b64   0x08002b64   0x00000072   Code   RO          217    i.LCD5110_init      5110.o
    0x08002bd6   0x08002bd6   0x00000022   Code   RO          218    i.LCD5110_set_XY    5110.o
    0x08002bf8   0x08002bf8   0x00000028   Code   RO          219    i.LCD5110_write_char  5110.o
    0x08002c20   0x08002c20   0x0000002c   Code   RO          220    i.LCD5110_write_char_inv  5110.o
    0x08002c4c   0x08002c4c   0x0000001e   Code   RO          221    i.LCD5110_write_string  5110.o
    0x08002c6a   0x08002c6a   0x00000002   PAD
    0x08002c6c   0x08002c6c   0x00000184   Code   RO          313    i.LCD_PWM_Display   main.o
    0x08002df0   0x08002df0   0x000000bc   Code   RO          314    i.MX_GPIO_Init      main.o
    0x08002eac   0x08002eac   0x00000098   Code   RO          315    i.MX_TIM2_Init      main.o
    0x08002f44   0x08002f44   0x00000068   Code   RO          316    i.MX_TIM4_Init      main.o
    0x08002fac   0x08002fac   0x00000002   Code   RO          534    i.MemManage_Handler  stm32f1xx_it.o
    0x08002fae   0x08002fae   0x00000002   Code   RO          535    i.NMI_Handler       stm32f1xx_it.o
    0x08002fb0   0x08002fb0   0x0000001a   Code   RO          137    i.Set_Pin_Input     ds18b20.o
    0x08002fca   0x08002fca   0x00000022   Code   RO          138    i.Set_Pin_Output    ds18b20.o
    0x08002fec   0x08002fec   0x000000b8   Code   RO          317    i.StartDs18b20Task  main.o
    0x080030a4   0x080030a4   0x00000018   Code   RO          318    i.StartKeypadTask   main.o
    0x080030bc   0x080030bc   0x00000028   Code   RO          319    i.StartPwmTask      main.o
    0x080030e4   0x080030e4   0x00000030   Code   RO          320    i.StartUartTask     main.o
    0x08003114   0x08003114   0x0000002c   Code   RO         4261    i.SysTick_Handler   port.o
    0x08003140   0x08003140   0x0000005e   Code   RO          321    i.SystemClock_Config  main.o
    0x0800319e   0x0800319e   0x00000002   Code   RO         3036    i.SystemInit        system_stm32f1xx.o
    0x080031a0   0x080031a0   0x0000000c   Code   RO          536    i.TIM1_UP_IRQHandler  stm32f1xx_it.o
    0x080031ac   0x080031ac   0x0000006c   Code   RO         1800    i.TIM_Base_SetConfig  stm32f1xx_hal_tim.o
    0x08003218   0x08003218   0x0000001a   Code   RO         1801    i.TIM_CCxChannelCmd  stm32f1xx_hal_tim.o
    0x08003232   0x08003232   0x00000014   Code   RO         1811    i.TIM_ETR_SetConfig  stm32f1xx_hal_tim.o
    0x08003246   0x08003246   0x00000010   Code   RO         1812    i.TIM_ITRx_SetConfig  stm32f1xx_hal_tim.o
    0x08003256   0x08003256   0x00000002   PAD
    0x08003258   0x08003258   0x00000050   Code   RO         1813    i.TIM_OC1_SetConfig  stm32f1xx_hal_tim.o
    0x080032a8   0x080032a8   0x00000058   Code   RO         1814    i.TIM_OC2_SetConfig  stm32f1xx_hal_tim.o
    0x08003300   0x08003300   0x00000058   Code   RO         1815    i.TIM_OC3_SetConfig  stm32f1xx_hal_tim.o
    0x08003358   0x08003358   0x00000044   Code   RO         1816    i.TIM_OC4_SetConfig  stm32f1xx_hal_tim.o
    0x0800339c   0x0800339c   0x00000022   Code   RO         1818    i.TIM_TI1_ConfigInputStage  stm32f1xx_hal_tim.o
    0x080033be   0x080033be   0x00000024   Code   RO         1820    i.TIM_TI2_ConfigInputStage  stm32f1xx_hal_tim.o
    0x080033e2   0x080033e2   0x0000004a   Code   RO         2721    i.UART_DMAError     stm32f1xx_hal_uart.o
    0x0800342c   0x0800342c   0x0000005a   Code   RO         2722    i.UART_DMAReceiveCplt  stm32f1xx_hal_uart.o
    0x08003486   0x08003486   0x0000001a   Code   RO         2724    i.UART_DMARxHalfCplt  stm32f1xx_hal_uart.o
    0x080034a0   0x080034a0   0x00000030   Code   RO         2730    i.UART_EndRxTransfer  stm32f1xx_hal_uart.o
    0x080034d0   0x080034d0   0x00000012   Code   RO         2731    i.UART_EndTxTransfer  stm32f1xx_hal_uart.o
    0x080034e2   0x080034e2   0x00000002   PAD
    0x080034e4   0x080034e4   0x000000b8   Code   RO         2733    i.UART_SetConfig    stm32f1xx_hal_uart.o
    0x0800359c   0x0800359c   0x00000070   Code   RO         2734    i.UART_Start_Receive_DMA  stm32f1xx_hal_uart.o
    0x0800360c   0x0800360c   0x00000064   Code   RO         2736    i.UART_WaitOnFlagUntilTimeout  stm32f1xx_hal_uart.o
    0x08003670   0x08003670   0x00000002   Code   RO          537    i.UsageFault_Handler  stm32f1xx_it.o
    0x08003672   0x08003672   0x00000028   Code   RO         4507    i.__ARM_fpclassify  m_ws.l(fpclassify.o)
    0x0800369a   0x0800369a   0x00000020   Code   RO         1218    i.__NVIC_SetPriority  stm32f1xx_hal_cortex.o
    0x080036ba   0x080036ba   0x0000000e   Code   RO         4359    i._is_digit         c_w.l(__printf_wp.o)
    0x080036c8   0x080036c8   0x00000074   Code   RO          322    i.check_KeyPad      main.o
    0x0800373c   0x0800373c   0x00000004   Code   RO           13    i.delay_init        delay.o
    0x08003740   0x08003740   0x0000001e   Code   RO           14    i.delay_ms          delay.o
    0x0800375e   0x0800375e   0x00000010   Code   RO           15    i.delay_us          delay.o
    0x0800376e   0x0800376e   0x00000006   Code   RO          139    i.ds18b20_delay_us  ds18b20.o
    0x08003774   0x08003774   0x00000010   Code   RO          140    i.ds18b20_init      ds18b20.o
    0x08003784   0x08003784   0x00000060   Code   RO          141    i.ds18b20_read_byte  ds18b20.o
    0x080037e4   0x080037e4   0x0000004c   Code   RO          142    i.ds18b20_reset     ds18b20.o
    0x08003830   0x08003830   0x00000058   Code   RO          143    i.ds18b20_write_bit  ds18b20.o
    0x08003888   0x08003888   0x00000020   Code   RO          144    i.ds18b20_write_byte  ds18b20.o
    0x080038a8   0x080038a8   0x0000000c   Code   RO         3830    i.inHandlerMode     cmsis_os.o
    0x080038b4   0x080038b4   0x0000011c   Code   RO          323    i.main              main.o
    0x080039d0   0x080039d0   0x0000000c   Code   RO         3832    i.makeFreeRtosPriority  cmsis_os.o
    0x080039dc   0x080039dc   0x00000024   Code   RO          324    i.motor_control     main.o
    0x08003a00   0x08003a00   0x0000000e   Code   RO         3834    i.osDelay           cmsis_os.o
    0x08003a0e   0x08003a0e   0x0000000a   Code   RO         3837    i.osKernelStart     cmsis_os.o
    0x08003a18   0x08003a18   0x0000003e   Code   RO         3863    i.osSemaphoreCreate  cmsis_os.o
    0x08003a56   0x08003a56   0x00000002   PAD
    0x08003a58   0x08003a58   0x00000050   Code   RO         3866    i.osSemaphoreRelease  cmsis_os.o
    0x08003aa8   0x08003aa8   0x00000064   Code   RO         3867    i.osSemaphoreWait   cmsis_os.o
    0x08003b0c   0x08003b0c   0x00000054   Code   RO         3871    i.osThreadCreate    cmsis_os.o
    0x08003b60   0x08003b60   0x00000070   Code   RO         3529    i.prvAddCurrentTaskToDelayedList  tasks.o
    0x08003bd0   0x08003bd0   0x000000d0   Code   RO         3530    i.prvAddNewTaskToReadyList  tasks.o
    0x08003ca0   0x08003ca0   0x00000026   Code   RO         3214    i.prvCopyDataFromQueue  queue.o
    0x08003cc6   0x08003cc6   0x0000006c   Code   RO         3215    i.prvCopyDataToQueue  queue.o
    0x08003d32   0x08003d32   0x00000034   Code   RO         3531    i.prvDeleteTCB      tasks.o
    0x08003d66   0x08003d66   0x00000002   PAD
    0x08003d68   0x08003d68   0x0000004c   Code   RO         4199    i.prvHeapInit       heap_4.o
    0x08003db4   0x08003db4   0x00000060   Code   RO         3532    i.prvIdleTask       tasks.o
    0x08003e14   0x08003e14   0x00000016   Code   RO         3217    i.prvInitialiseNewQueue  queue.o
    0x08003e2a   0x08003e2a   0x0000008e   Code   RO         3533    i.prvInitialiseNewTask  tasks.o
    0x08003eb8   0x08003eb8   0x0000004c   Code   RO         4200    i.prvInsertBlockIntoFreeList  heap_4.o
    0x08003f04   0x08003f04   0x0000001c   Code   RO         3218    i.prvIsQueueEmpty   queue.o
    0x08003f20   0x08003f20   0x00000020   Code   RO         3534    i.prvResetNextTaskUnblockTime  tasks.o
    0x08003f40   0x08003f40   0x00000028   Code   RO         4262    i.prvTaskExitError  port.o
    0x08003f68   0x08003f68   0x0000006a   Code   RO         3219    i.prvUnlockQueue    queue.o
    0x08003fd2   0x08003fd2   0x00000002   PAD
    0x08003fd4   0x08003fd4   0x000000d8   Code   RO         4201    i.pvPortMalloc      heap_4.o
    0x080040ac   0x080040ac   0x00000018   Code   RO         3536    i.pvTaskIncrementMutexHeldCount  tasks.o
    0x080040c4   0x080040c4   0x00000024   Code   RO         4263    i.pxPortInitialiseStack  port.o
    0x080040e8   0x080040e8   0x000002b8   Code   RO          325    i.read_keypad       main.o
    0x080043a0   0x080043a0   0x00000070   Code   RO          145    i.temperature       ds18b20.o
    0x08004410   0x08004410   0x00000054   Code   RO          326    i.upDateLCD_Enable  main.o
    0x08004464   0x08004464   0x0000005c   Code   RO          327    i.upDateLCD_Source  main.o
    0x080044c0   0x080044c0   0x00000026   Code   RO         3174    i.uxListRemove      list.o
    0x080044e6   0x080044e6   0x00000002   PAD
    0x080044e8   0x080044e8   0x00000014   Code   RO          496    i.vApplicationGetIdleTaskMemory  freertos.o
    0x080044fc   0x080044fc   0x00000016   Code   RO         3175    i.vListInitialise   list.o
    0x08004512   0x08004512   0x00000006   Code   RO         3176    i.vListInitialiseItem  list.o
    0x08004518   0x08004518   0x00000030   Code   RO         3177    i.vListInsert       list.o
    0x08004548   0x08004548   0x00000018   Code   RO         3178    i.vListInsertEnd    list.o
    0x08004560   0x08004560   0x00000040   Code   RO         4265    i.vPortEnterCritical  port.o
    0x080045a0   0x080045a0   0x00000028   Code   RO         4266    i.vPortExitCritical  port.o
    0x080045c8   0x080045c8   0x0000005c   Code   RO         4202    i.vPortFree         heap_4.o
    0x08004624   0x08004624   0x00000024   Code   RO         4267    i.vPortSetupTimerInterrupt  port.o
    0x08004648   0x08004648   0x00000054   Code   RO         4268    i.vPortValidateInterruptPriority  port.o
    0x0800469c   0x0800469c   0x0000004c   Code   RO         3542    i.vTaskDelay        tasks.o
    0x080046e8   0x080046e8   0x00000010   Code   RO         3545    i.vTaskInternalSetTimeOutState  tasks.o
    0x080046f8   0x080046f8   0x0000000c   Code   RO         3546    i.vTaskMissedYield  tasks.o
    0x08004704   0x08004704   0x00000030   Code   RO         3548    i.vTaskPlaceOnEventList  tasks.o
    0x08004734   0x08004734   0x000000a8   Code   RO         3550    i.vTaskPriorityDisinheritAfterTimeout  tasks.o
    0x080047dc   0x080047dc   0x0000006c   Code   RO         3555    i.vTaskStartScheduler  tasks.o
    0x08004848   0x08004848   0x00000010   Code   RO         3557    i.vTaskSuspendAll   tasks.o
    0x08004858   0x08004858   0x0000005c   Code   RO         3558    i.vTaskSwitchContext  tasks.o
    0x080048b4   0x080048b4   0x000000a8   Code   RO         4269    i.xPortStartScheduler  port.o
    0x0800495c   0x0800495c   0x00000048   Code   RO         3228    i.xQueueGenericCreate  queue.o
    0x080049a4   0x080049a4   0x00000066   Code   RO         3229    i.xQueueGenericCreateStatic  queue.o
    0x08004a0a   0x08004a0a   0x00000002   PAD
    0x08004a0c   0x08004a0c   0x00000088   Code   RO         3230    i.xQueueGenericReset  queue.o
    0x08004a94   0x08004a94   0x00000160   Code   RO         3231    i.xQueueGenericSend  queue.o
    0x08004bf4   0x08004bf4   0x0000009c   Code   RO         3233    i.xQueueGiveFromISR  queue.o
    0x08004c90   0x08004c90   0x0000009a   Code   RO         3239    i.xQueueReceiveFromISR  queue.o
    0x08004d2a   0x08004d2a   0x00000002   PAD
    0x08004d2c   0x08004d2c   0x00000178   Code   RO         3240    i.xQueueSemaphoreTake  queue.o
    0x08004ea4   0x08004ea4   0x00000074   Code   RO         3559    i.xTaskCheckForTimeOut  tasks.o
    0x08004f18   0x08004f18   0x0000005a   Code   RO         3560    i.xTaskCreate       tasks.o
    0x08004f72   0x08004f72   0x00000056   Code   RO         3561    i.xTaskCreateStatic  tasks.o
    0x08004fc8   0x08004fc8   0x0000001c   Code   RO         3565    i.xTaskGetSchedulerState  tasks.o
    0x08004fe4   0x08004fe4   0x000000c8   Code   RO         3568    i.xTaskIncrementTick  tasks.o
    0x080050ac   0x080050ac   0x00000098   Code   RO         3571    i.xTaskPriorityDisinherit  tasks.o
    0x08005144   0x08005144   0x00000094   Code   RO         3572    i.xTaskPriorityInherit  tasks.o
    0x080051d8   0x080051d8   0x00000074   Code   RO         3573    i.xTaskRemoveFromEventList  tasks.o
    0x0800524c   0x0800524c   0x000000c4   Code   RO         3574    i.xTaskResumeAll    tasks.o
    0x08005310   0x08005310   0x0000002c   Code   RO         4501    locale$$code        c_w.l(lc_numeric_c.o)
    0x0800533c   0x0800533c   0x0000002c   Code   RO         4514    locale$$code        c_w.l(lc_ctype_c.o)
    0x08005368   0x08005368   0x0000000c   Code   RO         4433    x$fpl$dretinf       fz_ws.l(dretinf.o)
    0x08005374   0x08005374   0x00000056   Code   RO         4386    x$fpl$f2d           fz_ws.l(f2d.o)
    0x080053ca   0x080053ca   0x00000002   PAD
    0x080053cc   0x080053cc   0x000000c4   Code   RO         4388    x$fpl$fadd          fz_ws.l(faddsub_clz.o)
    0x08005490   0x08005490   0x0000000c   Code   RO         4435    x$fpl$fcheck1       fz_ws.l(fcheck1.o)
    0x0800549c   0x0800549c   0x00000036   Code   RO         4394    x$fpl$ffix          fz_ws.l(ffix.o)
    0x080054d2   0x080054d2   0x00000002   PAD
    0x080054d4   0x080054d4   0x0000003e   Code   RO         4398    x$fpl$ffixu         fz_ws.l(ffixu.o)
    0x08005512   0x08005512   0x00000002   PAD
    0x08005514   0x08005514   0x00000030   Code   RO         4403    x$fpl$fflt          fz_ws.l(fflt_clz.o)
    0x08005544   0x08005544   0x00000026   Code   RO         4402    x$fpl$ffltu         fz_ws.l(fflt_clz.o)
    0x0800556a   0x0800556a   0x00000002   PAD
    0x0800556c   0x0800556c   0x00000102   Code   RO         4408    x$fpl$fmul          fz_ws.l(fmul.o)
    0x0800566e   0x0800566e   0x0000008c   Code   RO         4437    x$fpl$fnaninf       fz_ws.l(fnaninf.o)
    0x080056fa   0x080056fa   0x0000000a   Code   RO         4439    x$fpl$fretinf       fz_ws.l(fretinf.o)
    0x08005704   0x08005704   0x000000ea   Code   RO         4390    x$fpl$fsub          fz_ws.l(faddsub_clz.o)
    0x080057ee   0x080057ee   0x00000004   Code   RO         4410    x$fpl$printf1       fz_ws.l(printf1.o)
    0x080057f2   0x080057f2   0x00000064   Code   RO         4505    x$fpl$retnan        fz_ws.l(retnan.o)
    0x08005856   0x08005856   0x0000004c   Code   RO         4412    x$fpl$scalbnf       fz_ws.l(scalbnf.o)
    0x080058a2   0x080058a2   0x00000030   Code   RO         4571    x$fpl$trapveneer    fz_ws.l(trapv.o)
    0x080058d2   0x080058d2   0x00000000   Code   RO         4441    x$fpl$usenofp       fz_ws.l(usenofp.o)
    0x080058d2   0x080058d2   0x00000002   PAD
    0x080058d4   0x080058d4   0x00000070   Data   RO          330    .constdata          main.o
    0x08005944   0x08005944   0x00000010   Data   RO         3037    .constdata          system_stm32f1xx.o
    0x08005954   0x08005954   0x00000008   Data   RO         3038    .constdata          system_stm32f1xx.o
    0x0800595c   0x0800595c   0x00000011   Data   RO         4362    .constdata          c_w.l(__printf_flags_wp.o)
    0x0800596d   0x0800596d   0x00000003   PAD
    0x08005970   0x08005970   0x00000094   Data   RO         4476    .constdata          c_w.l(bigflt0.o)
    0x08005a04   0x08005a04   0x00000029   Data   RO          331    .conststring        main.o
    0x08005a2d   0x08005a2d   0x00000003   PAD
    0x08005a30   0x08005a30   0x00000020   Data   RO         4652    Region$$Table       anon$$obj.o
    0x08005a50   0x08005a50   0x0000001c   Data   RO         4500    locale$$data        c_w.l(lc_numeric_c.o)
    0x08005a6c   0x08005a6c   0x00000110   Data   RO         4513    locale$$data        c_w.l(lc_ctype_c.o)


    Execution Region RW_IRAM1 (Exec base: 0x20000000, Load base: 0x08005b7c, Size: 0x00001af8, Max: 0x00005000, ABSOLUTE, COMPRESSED[0x000001d4])

    Exec Addr    Load Addr    Size         Type   Attr      Idx    E Section Name        Object

    0x20000000   COMPRESSED   0x00000330   Data   RW          222    .data               5110.o
    0x20000330   COMPRESSED   0x00000037   Data   RW          332    .data               main.o
    0x20000367   COMPRESSED   0x00000001   PAD
    0x20000368   COMPRESSED   0x0000000c   Data   RW          755    .data               stm32f1xx_hal.o
    0x20000374   COMPRESSED   0x00000004   Data   RW         3039    .data               system_stm32f1xx.o
    0x20000378   COMPRESSED   0x0000003c   Data   RW         3577    .data               tasks.o
    0x200003b4   COMPRESSED   0x00000018   Data   RW         4207    .data               heap_4.o
    0x200003cc   COMPRESSED   0x0000000c   Data   RW         4270    .data               port.o
    0x200003d8        -       0x000000f0   Zero   RW          328    .bss                main.o
    0x200004c8        -       0x00000044   Zero   RW          329    .bss                main.o
    0x2000050c        -       0x00000254   Zero   RW          497    .bss                freertos.o
    0x20000760        -       0x00000048   Zero   RW          658    .bss                stm32f1xx_hal_timebase_tim.o
    0x200007a8        -       0x000000f0   Zero   RW         3576    .bss                tasks.o
    0x20000898        -       0x00000c00   Zero   RW         4206    .bss                heap_4.o
    0x20001498        -       0x00000060   Zero   RW         4443    .bss                c_w.l(libspace.o)
    0x200014f8        -       0x00000200   Zero   RW            2    HEAP                startup_stm32f103xb.o
    0x200016f8        -       0x00000400   Zero   RW            1    STACK               startup_stm32f103xb.o


==============================================================================

Image component sizes


      Code (inc. data)   RO Data    RW Data    ZI Data      Debug   Object Name

       508         42          0        816          0       8308   5110.o
       374         10          0          0          0      28624   cmsis_os.o
        50          0          0          0          0     427151   delay.o
       486          0          0          0          0       6137   ds18b20.o
         0          0          0          0          0      18124   event_groups.o
        20          4          0          0        596       1184   freertos.o
       460         24          0         24       3072       7119   heap_4.o
       138          0          0          0          0       3294   list.o
      2718        286        153         55        308      43397   main.o
       662         70          0         12          0      10969   port.o
      1650         14          0          0          0      14952   queue.o
        64         26        236          0       1536        796   startup_stm32f103xb.o
        64         14          0         12          0       4542   stm32f1xx_hal.o
       158         14          0          0          0      28098   stm32f1xx_hal_cortex.o
       586         32          0          0          0       3515   stm32f1xx_hal_dma.o
       500         34          0          0          0       3455   stm32f1xx_hal_gpio.o
       364         50          0          0          0       2859   stm32f1xx_hal_msp.o
      1336        110          0          0          0       5701   stm32f1xx_hal_rcc.o
      1848         72          0          0          0      16135   stm32f1xx_hal_tim.o
       108         12          0          0          0       2305   stm32f1xx_hal_tim_ex.o
       116         18          0          0         72       1371   stm32f1xx_hal_timebase_tim.o
       976         20          0          0          0       9580   stm32f1xx_hal_uart.o
        36         12          0          0          0       3341   stm32f1xx_it.o
         0          0          0          0          0        392   stream_buffer.o
         2          0         24          4          0       1071   system_stm32f1xx.o
      2334        172          0         60        240      23611   tasks.o

    ----------------------------------------------------------------------
     15592       1036        448        984       5824     676031   Object Totals
         0          0         32          0          0          0   (incl. Generated)
        34          0          3          1          0          0   (incl. Padding)

    ----------------------------------------------------------------------

      Code (inc. data)   RO Data    RW Data    ZI Data      Debug   Library Member Name

        90          0          0          0          0          0   __dczerorl2.o
         8          0          0          0          0         68   __main.o
       312          4         17          0          0         92   __printf_flags_wp.o
        14          0          0          0          0         68   __printf_wp.o
         0          0          0          0          0          0   __rtentry.o
        12          0          0          0          0          0   __rtentry2.o
         6          0          0          0          0          0   __rtentry4.o
        52          8          0          0          0          0   __scatter.o
        28          0          0          0          0          0   __scatter_zi.o
        28          0          0          0          0         68   _chval.o
        48          6          0          0          0         96   _printf_char_common.o
         6          0          0          0          0          0   _printf_d.o
       120         16          0          0          0         92   _printf_dec.o
         6          0          0          0          0          0   _printf_f.o
      1054          0          0          0          0        216   _printf_fp_dec.o
       128         16          0          0          0         84   _printf_fp_infnan.o
       178          0          0          0          0         88   _printf_intcommon.o
         0          0          0          0          0          0   _printf_percent.o
         4          0          0          0          0          0   _printf_percent_end.o
        10          0          0          0          0         68   _sputc.o
       158          0          0          0          0         92   _strtoul.o
        26          0          0          0          0         80   atoi.o
       228          4        148          0          0         96   bigflt0.o
      1936        128          0          0          0        672   btod.o
        18          0          0          0          0         80   exit.o
         6          0          0          0          0        152   heapauxi.o
         0          0          0          0          0          0   indicate_semi.o
        44         10        272          0          0         76   lc_ctype_c.o
        44         10         28          0          0         76   lc_numeric_c.o
         2          0          0          0          0          0   libinit.o
        30          0          0          0          0          0   libinit2.o
         2          0          0          0          0          0   libshutdown.o
         2          0          0          0          0          0   libshutdown2.o
         8          4          0          0         96         68   libspace.o
       138          0          0          0          0         80   lludiv10.o
        40          6          0          0          0         84   noretval__2sprintf.o
        16          4          0          0          0         76   rt_ctype_table.o
         8          4          0          0          0         68   rt_errno_addr_intlibspace.o
         8          4          0          0          0         68   rt_locale_intlibspace.o
        78          0          0          0          0         80   rt_memclr_w.o
       138          0          0          0          0         68   rt_memcpy_v6.o
       100          0          0          0          0         80   rt_memcpy_w.o
         2          0          0          0          0          0   rtexit.o
        10          0          0          0          0          0   rtexit2.o
       128          0          0          0          0         68   strcmpv7m.o
       112          0          0          0          0         88   strtol.o
        12          4          0          0          0         68   sys_exit.o
        74          0          0          0          0         80   sys_stackheap_outer.o
         2          0          0          0          0         68   use_no_semi.o
        12          0          0          0          0         68   dretinf.o
        86          4          0          0          0         84   f2d.o
       430          8          0          0          0        168   faddsub_clz.o
        12          4          0          0          0         68   fcheck1.o
        54          4          0          0          0         84   ffix.o
        62          4          0          0          0         84   ffixu.o
        86          0          0          0          0        136   fflt_clz.o
       258          4          0          0          0         84   fmul.o
       140          4          0          0          0         84   fnaninf.o
        10          0          0          0          0         68   fretinf.o
         4          0          0          0          0         68   printf1.o
       100          0          0          0          0         68   retnan.o
        76          0          0          0          0         68   scalbnf.o
        48          0          0          0          0         68   trapv.o
         0          0          0          0          0          0   usenofp.o
        40          0          0          0          0         68   fpclassify.o

    ----------------------------------------------------------------------
      6912        260        468          0         96       4576   Library Totals
        20          0          3          0          0          0   (incl. Padding)

    ----------------------------------------------------------------------

      Code (inc. data)   RO Data    RW Data    ZI Data      Debug   Library Name

      5474        228        465          0         96       3308   c_w.l
      1378         32          0          0          0       1200   fz_ws.l
        40          0          0          0          0         68   m_ws.l

    ----------------------------------------------------------------------
      6912        260        468          0         96       4576   Library Totals

    ----------------------------------------------------------------------

==============================================================================


      Code (inc. data)   RO Data    RW Data    ZI Data      Debug   

     22504       1296        916        984       5920     668695   Grand Totals
     22504       1296        916        468       5920     668695   ELF Image Totals (compressed)
     22504       1296        916        468          0          0   ROM Totals

==============================================================================

    Total RO  Size (Code + RO Data)                23420 (  22.87kB)
    Total RW  Size (RW Data + ZI Data)              6904 (   6.74kB)
    Total ROM Size (Code + RO Data + RW Data)      23888 (  23.33kB)

==============================================================================

